Archive member included to satisfy reference by file (symbol)

F:/tools/arm-gnu-toolchain/bin/../lib/gcc/arm-none-eabi/13.2.1/thumb/v7e-m+fp/hard\libgcc.a(_arm_muldf3.o)
                              CMakeFiles/f407zgt6.elf.dir/User/SVPWM/svpwm.c.obj (__aeabi_dmul)
F:/tools/arm-gnu-toolchain/bin/../lib/gcc/arm-none-eabi/13.2.1/thumb/v7e-m+fp/hard\libgcc.a(_arm_addsubdf3.o)
                              CMakeFiles/f407zgt6.elf.dir/User/SVPWM/svpwm.c.obj (__aeabi_dsub)
F:/tools/arm-gnu-toolchain/bin/../lib/gcc/arm-none-eabi/13.2.1/thumb/v7e-m+fp/hard\libgcc.a(_arm_cmpdf2.o)
                              CMakeFiles/f407zgt6.elf.dir/User/touch/touch.c.obj (__aeabi_dcmplt)
F:/tools/arm-gnu-toolchain/bin/../lib/gcc/arm-none-eabi/13.2.1/thumb/v7e-m+fp/hard\libgcc.a(_arm_fixunsdfsi.o)
                              CMakeFiles/f407zgt6.elf.dir/User/touch/ott2001a.c.obj (__aeabi_d2uiz)
F:/tools/arm-gnu-toolchain/bin/../lib/gcc/arm-none-eabi/13.2.1/thumb/v7e-m+fp/hard\libgcc.a(_arm_truncdfsf2.o)
                              CMakeFiles/f407zgt6.elf.dir/User/SVPWM/svpwm.c.obj (__aeabi_d2f)
F:/tools/arm-gnu-toolchain/bin/../lib/gcc/arm-none-eabi/13.2.1/thumb/v7e-m+fp/hard\libgcc.a(_aeabi_uldivmod.o)
                              CMakeFiles/f407zgt6.elf.dir/Drivers/STM32F4xx_HAL_Driver/Src/stm32f4xx_hal_rcc.c.obj (__aeabi_uldivmod)
F:/tools/arm-gnu-toolchain/bin/../lib/gcc/arm-none-eabi/13.2.1/thumb/v7e-m+fp/hard\libgcc.a(_udivmoddi4.o)
                              F:/tools/arm-gnu-toolchain/bin/../lib/gcc/arm-none-eabi/13.2.1/thumb/v7e-m+fp/hard\libgcc.a(_aeabi_uldivmod.o) (__udivmoddi4)
F:/tools/arm-gnu-toolchain/bin/../lib/gcc/arm-none-eabi/13.2.1/thumb/v7e-m+fp/hard\libgcc.a(_dvmd_tls.o)
                              F:/tools/arm-gnu-toolchain/bin/../lib/gcc/arm-none-eabi/13.2.1/thumb/v7e-m+fp/hard\libgcc.a(_aeabi_uldivmod.o) (__aeabi_ldiv0)
F:/tools/arm-gnu-toolchain/bin/../lib/gcc/arm-none-eabi/13.2.1/thumb/v7e-m+fp/hard\libg.a(libc_a-assert.o)
                              CMakeFiles/f407zgt6.elf.dir/LVGL/src/extra/libs/qrcode/qrcodegen.c.obj (__assert_func)
F:/tools/arm-gnu-toolchain/bin/../lib/gcc/arm-none-eabi/13.2.1/thumb/v7e-m+fp/hard\libg.a(libc_a-exit.o)
                              F:/tools/arm-gnu-toolchain/bin/../lib/gcc/arm-none-eabi/13.2.1/thumb/v7e-m+fp/hard/crt0.o (exit)
F:/tools/arm-gnu-toolchain/bin/../lib/gcc/arm-none-eabi/13.2.1/thumb/v7e-m+fp/hard\libg.a(libc_a-fiprintf.o)
                              F:/tools/arm-gnu-toolchain/bin/../lib/gcc/arm-none-eabi/13.2.1/thumb/v7e-m+fp/hard\libg.a(libc_a-assert.o) (fiprintf)
F:/tools/arm-gnu-toolchain/bin/../lib/gcc/arm-none-eabi/13.2.1/thumb/v7e-m+fp/hard\libg.a(libc_a-vfiprintf.o)
                              F:/tools/arm-gnu-toolchain/bin/../lib/gcc/arm-none-eabi/13.2.1/thumb/v7e-m+fp/hard\libg.a(libc_a-fiprintf.o) (_vfiprintf_r)
F:/tools/arm-gnu-toolchain/bin/../lib/gcc/arm-none-eabi/13.2.1/thumb/v7e-m+fp/hard\libg.a(libc_a-fflush.o)
                              F:/tools/arm-gnu-toolchain/bin/../lib/gcc/arm-none-eabi/13.2.1/thumb/v7e-m+fp/hard\libg.a(libc_a-vfiprintf.o) (_fflush_r)
F:/tools/arm-gnu-toolchain/bin/../lib/gcc/arm-none-eabi/13.2.1/thumb/v7e-m+fp/hard\libg.a(libc_a-findfp.o)
                              F:/tools/arm-gnu-toolchain/bin/../lib/gcc/arm-none-eabi/13.2.1/thumb/v7e-m+fp/hard\libg.a(libc_a-fflush.o) (__sglue)
F:/tools/arm-gnu-toolchain/bin/../lib/gcc/arm-none-eabi/13.2.1/thumb/v7e-m+fp/hard\libg.a(libc_a-fvwrite.o)
                              F:/tools/arm-gnu-toolchain/bin/../lib/gcc/arm-none-eabi/13.2.1/thumb/v7e-m+fp/hard\libg.a(libc_a-vfiprintf.o) (__sfvwrite_r)
F:/tools/arm-gnu-toolchain/bin/../lib/gcc/arm-none-eabi/13.2.1/thumb/v7e-m+fp/hard\libg.a(libc_a-fwalk.o)
                              F:/tools/arm-gnu-toolchain/bin/../lib/gcc/arm-none-eabi/13.2.1/thumb/v7e-m+fp/hard\libg.a(libc_a-fflush.o) (_fwalk_sglue)
F:/tools/arm-gnu-toolchain/bin/../lib/gcc/arm-none-eabi/13.2.1/thumb/v7e-m+fp/hard\libg.a(libc_a-stdio.o)
                              F:/tools/arm-gnu-toolchain/bin/../lib/gcc/arm-none-eabi/13.2.1/thumb/v7e-m+fp/hard\libg.a(libc_a-findfp.o) (__sread)
F:/tools/arm-gnu-toolchain/bin/../lib/gcc/arm-none-eabi/13.2.1/thumb/v7e-m+fp/hard\libg.a(libc_a-vsprintf.o)
                              CMakeFiles/f407zgt6.elf.dir/Core/Src/usart.c.obj (vsprintf)
F:/tools/arm-gnu-toolchain/bin/../lib/gcc/arm-none-eabi/13.2.1/thumb/v7e-m+fp/hard\libg.a(libc_a-wsetup.o)
                              F:/tools/arm-gnu-toolchain/bin/../lib/gcc/arm-none-eabi/13.2.1/thumb/v7e-m+fp/hard\libg.a(libc_a-vfiprintf.o) (__swsetup_r)
F:/tools/arm-gnu-toolchain/bin/../lib/gcc/arm-none-eabi/13.2.1/thumb/v7e-m+fp/hard\libg.a(libc_a-fputwc.o)
                              F:/tools/arm-gnu-toolchain/bin/../lib/gcc/arm-none-eabi/13.2.1/thumb/v7e-m+fp/hard\libg.a(libc_a-vfiprintf.o) (_fputwc_r)
F:/tools/arm-gnu-toolchain/bin/../lib/gcc/arm-none-eabi/13.2.1/thumb/v7e-m+fp/hard\libg.a(libc_a-memcmp.o)
[...]
Memory Configuration

Name             Origin             Length             Attributes
CCMRAM           0x10000000         0x00010000         xrw
RAM              0x20000000         0x00020000         xrw
FLASH            0x08000000         0x00100000         xr
*default*        0x00000000         0xffffffff

Linker script and memory map

LOAD F:/tools/arm-gnu-toolchain/bin/../lib/gcc/arm-none-eabi/13.2.1/thumb/v7e-m+fp/hard/crti.o
LOAD F:/tools/arm-gnu-toolchain/bin/../lib/gcc/arm-none-eabi/13.2.1/thumb/v7e-m+fp/hard/crtbegin.o
LOAD F:/tools/arm-gnu-toolchain/bin/../lib/gcc/arm-none-eabi/13.2.1/thumb/v7e-m+fp/hard/crt0.o
LOAD CMakeFiles/f407zgt6.elf.dir/Core/Src/delay.c.obj
LOAD CMakeFiles/f407zgt6.elf.dir/Core/Src/gpio.c.obj
LOAD CMakeFiles/f407zgt6.elf.dir/Core/Src/main.c.obj
LOAD CMakeFiles/f407zgt6.elf.dir/Core/Src/myiic.c.obj
LOAD CMakeFiles/f407zgt6.elf.dir/Core/Src/stm32f4xx_hal_msp.c.obj
LOAD CMakeFiles/f407zgt6.elf.dir/Core/Src/stm32f4xx_it.c.obj
LOAD CMakeFiles/f407zgt6.elf.dir/Core/Src/syscalls.c.obj
LOAD CMakeFiles/f407zgt6.elf.dir/Core/Src/sysmem.c.obj
LOAD CMakeFiles/f407zgt6.elf.dir/Core/Src/system_stm32f4xx.c.obj
LOAD CMakeFiles/f407zgt6.elf.dir/Core/Src/tim.c.obj
LOAD CMakeFiles/f407zgt6.elf.dir/Core/Src/usart.c.obj
LOAD CMakeFiles/f407zgt6.elf.dir/Core/Startup/startup_stm32f407zgtx.s.obj
LOAD CMakeFiles/f407zgt6.elf.dir/Drivers/STM32F4xx_HAL_Driver/Src/stm32f4xx_hal.c.obj
LOAD CMakeFiles/f407zgt6.elf.dir/Drivers/STM32F4xx_HAL_Driver/Src/stm32f4xx_hal_cortex.c.obj
LOAD CMakeFiles/f407zgt6.elf.dir/Drivers/STM32F4xx_HAL_Driver/Src/stm32f4xx_hal_dma.c.obj
LOAD CMakeFiles/f407zgt6.elf.dir/Drivers/STM32F4xx_HAL_Driver/Src/stm32f4xx_hal_dma_ex.c.obj
LOAD CMakeFiles/f407zgt6.elf.dir/Drivers/STM32F4xx_HAL_Driver/Src/stm32f4xx_hal_exti.c.obj
LOAD CMakeFiles/f407zgt6.elf.dir/Drivers/STM32F4xx_HAL_Driver/Src/stm32f4xx_hal_flash.c.obj
LOAD CMakeFiles/f407zgt6.elf.dir/Drivers/STM32F4xx_HAL_Driver/Src/stm32f4xx_hal_flash_ex.c.obj
LOAD CMakeFiles/f407zgt6.elf.dir/Drivers/STM32F4xx_HAL_Driver/Src/stm32f4xx_hal_flash_ramfunc.c.obj
LOAD CMakeFiles/f407zgt6.elf.dir/Drivers/STM32F4xx_HAL_Driver/Src/stm32f4xx_hal_gpio.c.obj
LOAD CMakeFiles/f407zgt6.elf.dir/Drivers/STM32F4xx_HAL_Driver/Src/stm32f4xx_hal_pwr.c.obj
LOAD CMakeFiles/f407zgt6.elf.dir/Drivers/STM32F4xx_HAL_Driver/Src/stm32f4xx_hal_pwr_ex.c.obj
LOAD CMakeFiles/f407zgt6.elf.dir/Drivers/STM32F4xx_HAL_Driver/Src/stm32f4xx_hal_rcc.c.obj
LOAD CMakeFiles/f407zgt6.elf.dir/Drivers/STM32F4xx_HAL_Driver/Src/stm32f4xx_hal_rcc_ex.c.obj
LOAD CMakeFiles/f407zgt6.elf.dir/Drivers/STM32F4xx_HAL_Driver/Src/stm32f4xx_hal_sram.c.obj
LOAD CMakeFiles/f407zgt6.elf.dir/Drivers/STM32F4xx_HAL_Driver/Src/stm32f4xx_hal_tim.c.obj
LOAD CMakeFiles/f407zgt6.elf.dir/Drivers/STM32F4xx_HAL_Driver/Src/stm32f4xx_hal_tim_ex.c.obj
LOAD CMakeFiles/f407zgt6.elf.dir/Drivers/STM32F4xx_HAL_Driver/Src/stm32f4xx_hal_uart.c.obj
LOAD CMakeFiles/f407zgt6.elf.dir/Drivers/STM32F4xx_HAL_Driver/Src/stm32f4xx_ll_fsmc.c.obj
LOAD CMakeFiles/f407zgt6.elf.dir/LVGL/demos/benchmark/assets/img_benchmark_cogwheel_alpha16.c.obj
LOAD CMakeFiles/f407zgt6.elf.dir/LVGL/demos/benchmark/assets/img_benchmark_cogwheel_argb.c.obj
LOAD CMakeFiles/f407zgt6.elf.dir/LVGL/demos/benchmark/assets/img_benchmark_cogwheel_chroma_keyed.c.obj
LOAD CMakeFiles/f407zgt6.elf.dir/LVGL/demos/benchmark/assets/img_benchmark_cogwheel_indexed16.c.obj
LOAD CMakeFiles/f407zgt6.elf.dir/LVGL/demos/benchmark/assets/img_benchmark_cogwheel_rgb.c.obj
LOAD CMakeFiles/f407zgt6.elf.dir/LVGL/demos/benchmark/assets/lv_font_bechmark_montserrat_12_compr_az.c.c.obj
LOAD CMakeFiles/f407zgt6.elf.dir/LVGL/demos/benchmark/assets/lv_font_bechmark_montserrat_16_compr_az.c.c.obj
LOAD CMakeFiles/f407zgt6.elf.dir/LVGL/demos/benchmark/assets/lv_font_bechmark_montserrat_28_compr_az.c.c.obj
LOAD CMakeFiles/f407zgt6.elf.dir/LVGL/demos/benchmark/lv_demo_benchmark.c.obj
LOAD CMakeFiles/f407zgt6.elf.dir/LVGL/demos/keypad_encoder/lv_demo_keypad_encoder.c.obj
LOAD CMakeFiles/f407zgt6.elf.dir/LVGL/demos/music/assets/img_lv_demo_music_btn_corner_large.c.obj
LOAD CMakeFiles/f407zgt6.elf.dir/LVGL/demos/music/assets/img_lv_demo_music_btn_list_pause.c.obj
LOAD CMakeFiles/f407zgt6.elf.dir/LVGL/demos/music/assets/img_lv_demo_music_btn_list_pause_large.c.obj
LOAD CMakeFiles/f407zgt6.elf.dir/LVGL/demos/music/assets/img_lv_demo_music_btn_list_play.c.obj
LOAD CMakeFiles/f407zgt6.elf.dir/LVGL/demos/music/assets/img_lv_demo_music_btn_list_play_large.c.obj
LOAD CMakeFiles/f407zgt6.elf.dir/LVGL/demos/music/assets/img_lv_demo_music_btn_loop.c.obj
LOAD CMakeFiles/f407zgt6.elf.dir/LVGL/demos/music/assets/img_lv_demo_music_btn_loop_large.c.obj
LOAD CMakeFiles/f407zgt6.elf.dir/LVGL/demos/music/assets/img_lv_demo_music_btn_next.c.obj
LOAD CMakeFiles/f407zgt6.elf.dir/LVGL/demos/music/assets/img_lv_demo_music_btn_next_large.c.obj
LOAD CMakeFiles/f407zgt6.elf.dir/LVGL/demos/music/assets/img_lv_demo_music_btn_pause.c.obj
LOAD CMakeFiles/f407zgt6.elf.dir/LVGL/demos/music/assets/img_lv_demo_music_btn_pause_large.c.obj
LOAD CMakeFiles/f407zgt6.elf.dir/LVGL/demos/music/assets/img_lv_demo_music_btn_play.c.obj
LOAD CMakeFiles/f407zgt6.elf.dir/LVGL/demos/music/assets/img_lv_demo_music_btn_play_large.c.obj
LOAD CMakeFiles/f407zgt6.elf.dir/LVGL/demos/music/assets/img_lv_demo_music_btn_prev.c.obj
LOAD CMakeFiles/f407zgt6.elf.dir/LVGL/demos/music/assets/img_lv_demo_music_btn_prev_large.c.obj
LOAD CMakeFiles/f407zgt6.elf.dir/LVGL/demos/music/assets/img_lv_demo_music_btn_rnd.c.obj
LOAD CMakeFiles/f407zgt6.elf.dir/LVGL/demos/music/assets/img_lv_demo_music_btn_rnd_large.c.obj
LOAD CMakeFiles/f407zgt6.elf.dir/LVGL/demos/music/assets/img_lv_demo_music_corner_left.c.obj
LOAD CMakeFiles/f407zgt6.elf.dir/LVGL/demos/music/assets/img_lv_demo_music_corner_left_large.c.obj
LOAD CMakeFiles/f407zgt6.elf.dir/LVGL/demos/music/assets/img_lv_demo_music_corner_right.c.obj
LOAD CMakeFiles/f407zgt6.elf.dir/LVGL/demos/music/assets/img_lv_demo_music_corner_right_large.c.obj
LOAD CMakeFiles/f407zgt6.elf.dir/LVGL/demos/music/assets/img_lv_demo_music_cover_1.c.obj
LOAD CMakeFiles/f407zgt6.elf.dir/LVGL/demos/music/assets/img_lv_demo_music_cover_1_large.c.obj
LOAD CMakeFiles/f407zgt6.elf.dir/LVGL/demos/music/assets/img_lv_demo_music_cover_2.c.obj
LOAD CMakeFiles/f407zgt6.elf.dir/LVGL/demos/music/assets/img_lv_demo_music_cover_2_large.c.obj
LOAD CMakeFiles/f407zgt6.elf.dir/LVGL/demos/music/assets/img_lv_demo_music_cover_3.c.obj
LOAD CMakeFiles/f407zgt6.elf.dir/LVGL/demos/music/assets/img_lv_demo_music_cover_3_large.c.obj
LOAD CMakeFiles/f407zgt6.elf.dir/LVGL/demos/music/assets/img_lv_demo_music_icon_1.c.obj
LOAD CMakeFiles/f407zgt6.elf.dir/LVGL/demos/music/assets/img_lv_demo_music_icon_1_large.c.obj
LOAD CMakeFiles/f407zgt6.elf.dir/LVGL/demos/music/assets/img_lv_demo_music_icon_2.c.obj
LOAD CMakeFiles/f407zgt6.elf.dir/LVGL/demos/music/assets/img_lv_demo_music_icon_2_large.c.obj
LOAD CMakeFiles/f407zgt6.elf.dir/LVGL/demos/music/assets/img_lv_demo_music_icon_3.c.obj
LOAD CMakeFiles/f407zgt6.elf.dir/LVGL/demos/music/assets/img_lv_demo_music_icon_3_large.c.obj
LOAD CMakeFiles/f407zgt6.elf.dir/LVGL/demos/music/assets/img_lv_demo_music_icon_4.c.obj
LOAD CMakeFiles/f407zgt6.elf.dir/LVGL/demos/music/assets/img_lv_demo_music_icon_4_large.c.obj
LOAD CMakeFiles/f407zgt6.elf.dir/LVGL/demos/music/assets/img_lv_demo_music_list_border.c.obj
LOAD CMakeFiles/f407zgt6.elf.dir/LVGL/demos/music/assets/img_lv_demo_music_list_border_large.c.obj
LOAD CMakeFiles/f407zgt6.elf.dir/LVGL/demos/music/assets/img_lv_demo_music_logo.c.obj
LOAD CMakeFiles/f407zgt6.elf.dir/LVGL/demos/music/assets/img_lv_demo_music_slider_knob.c.obj
LOAD CMakeFiles/f407zgt6.elf.dir/LVGL/demos/music/assets/img_lv_demo_music_slider_knob_large.c.obj
LOAD CMakeFiles/f407zgt6.elf.dir/LVGL/demos/music/assets/img_lv_demo_music_wave_bottom.c.obj
LOAD CMakeFiles/f407zgt6.elf.dir/LVGL/demos/music/assets/img_lv_demo_music_wave_bottom_large.c.obj
LOAD CMakeFiles/f407zgt6.elf.dir/LVGL/demos/music/assets/img_lv_demo_music_wave_top.c.obj
LOAD CMakeFiles/f407zgt6.elf.dir/LVGL/demos/music/assets/img_lv_demo_music_wave_top_large.c.obj
LOAD CMakeFiles/f407zgt6.elf.dir/LVGL/demos/music/lv_demo_music.c.obj
LOAD CMakeFiles/f407zgt6.elf.dir/LVGL/demos/music/lv_demo_music_list.c.obj
LOAD CMakeFiles/f407zgt6.elf.dir/LVGL/demos/music/lv_demo_music_main.c.obj
LOAD CMakeFiles/f407zgt6.elf.dir/LVGL/demos/stress/assets/lv_font_montserrat_12_compr_az.c.obj
LOAD CMakeFiles/f407zgt6.elf.dir/LVGL/demos/stress/assets/lv_font_montserrat_16_compr_az.c.obj
LOAD CMakeFiles/f407zgt6.elf.dir/LVGL/demos/stress/assets/lv_font_montserrat_28_compr_az.c.obj
LOAD CMakeFiles/f407zgt6.elf.dir/LVGL/demos/stress/lv_demo_stress.c.obj
LOAD CMakeFiles/f407zgt6.elf.dir/LVGL/demos/widgets/assets/img_clothes.c.obj
LOAD CMakeFiles/f407zgt6.elf.dir/LVGL/demos/widgets/assets/img_demo_widgets_avatar.c.obj
LOAD CMakeFiles/f407zgt6.elf.dir/LVGL/demos/widgets/assets/img_lvgl_logo.c.obj
LOAD CMakeFiles/f407zgt6.elf.dir/LVGL/demos/widgets/lv_demo_widgets.c.obj
LOAD CMakeFiles/f407zgt6.elf.dir/LVGL/porting/lv_port_disp.c.obj
LOAD CMakeFiles/f407zgt6.elf.dir/LVGL/porting/lv_port_fs.c.obj
LOAD CMakeFiles/f407zgt6.elf.dir/LVGL/porting/lv_port_indev.c.obj
LOAD CMakeFiles/f407zgt6.elf.dir/LVGL/src/core/lv_disp.c.obj
LOAD CMakeFiles/f407zgt6.elf.dir/LVGL/src/core/lv_event.c.obj
LOAD CMakeFiles/f407zgt6.elf.dir/LVGL/src/core/lv_group.c.obj
LOAD CMakeFiles/f407zgt6.elf.dir/LVGL/src/core/lv_indev.c.obj
LOAD CMakeFiles/f407zgt6.elf.dir/LVGL/src/core/lv_indev_scroll.c.obj
LOAD CMakeFiles/f407zgt6.elf.dir/LVGL/src/core/lv_obj.c.obj
LOAD CMakeFiles/f407zgt6.elf.dir/LVGL/src/core/lv_obj_class.c.obj
LOAD CMakeFiles/f407zgt6.elf.dir/LVGL/src/core/lv_obj_draw.c.obj
LOAD CMakeFiles/f407zgt6.elf.dir/LVGL/src/core/lv_obj_pos.c.obj
LOAD CMakeFiles/f407zgt6.elf.dir/LVGL/src/core/lv_obj_scroll.c.obj
LOAD CMakeFiles/f407zgt6.elf.dir/LVGL/src/core/lv_obj_style.c.obj
LOAD CMakeFiles/f407zgt6.elf.dir/LVGL/src/core/lv_obj_style_gen.c.obj
LOAD CMakeFiles/f407zgt6.elf.dir/LVGL/src/core/lv_obj_tree.c.obj
LOAD CMakeFiles/f407zgt6.elf.dir/LVGL/src/core/lv_refr.c.obj
LOAD CMakeFiles/f407zgt6.elf.dir/LVGL/src/core/lv_theme.c.obj
LOAD CMakeFiles/f407zgt6.elf.dir/LVGL/src/draw/lv_draw.c.obj
LOAD CMakeFiles/f407zgt6.elf.dir/LVGL/src/draw/lv_draw_arc.c.obj
LOAD CMakeFiles/f407zgt6.elf.dir/LVGL/src/draw/lv_draw_img.c.obj
LOAD CMakeFiles/f407zgt6.elf.dir/LVGL/src/draw/lv_draw_label.c.obj
LOAD CMakeFiles/f407zgt6.elf.dir/LVGL/src/draw/lv_draw_line.c.obj
LOAD CMakeFiles/f407zgt6.elf.dir/LVGL/src/draw/lv_draw_mask.c.obj
LOAD CMakeFiles/f407zgt6.elf.dir/LVGL/src/draw/lv_draw_rect.c.obj
LOAD CMakeFiles/f407zgt6.elf.dir/LVGL/src/draw/lv_draw_triangle.c.obj
LOAD CMakeFiles/f407zgt6.elf.dir/LVGL/src/draw/lv_img_buf.c.obj
LOAD CMakeFiles/f407zgt6.elf.dir/LVGL/src/draw/lv_img_cache.c.obj
LOAD CMakeFiles/f407zgt6.elf.dir/LVGL/src/draw/lv_img_decoder.c.obj
LOAD CMakeFiles/f407zgt6.elf.dir/LVGL/src/draw/nxp_pxp/lv_gpu_nxp_pxp.c.obj
LOAD CMakeFiles/f407zgt6.elf.dir/LVGL/src/draw/nxp_pxp/lv_gpu_nxp_pxp_osa.c.obj
LOAD CMakeFiles/f407zgt6.elf.dir/LVGL/src/draw/nxp_vglite/lv_gpu_nxp_vglite.c.obj
LOAD CMakeFiles/f407zgt6.elf.dir/LVGL/src/draw/sdl/lv_draw_sdl.c.obj
LOAD CMakeFiles/f407zgt6.elf.dir/LVGL/src/draw/sdl/lv_draw_sdl_arc.c.obj
LOAD CMakeFiles/f407zgt6.elf.dir/LVGL/src/draw/sdl/lv_draw_sdl_bg.c.obj
LOAD CMakeFiles/f407zgt6.elf.dir/LVGL/src/draw/sdl/lv_draw_sdl_composite.c.obj
LOAD CMakeFiles/f407zgt6.elf.dir/LVGL/src/draw/sdl/lv_draw_sdl_img.c.obj
LOAD CMakeFiles/f407zgt6.elf.dir/LVGL/src/draw/sdl/lv_draw_sdl_label.c.obj
LOAD CMakeFiles/f407zgt6.elf.dir/LVGL/src/draw/sdl/lv_draw_sdl_line.c.obj
LOAD CMakeFiles/f407zgt6.elf.dir/LVGL/src/draw/sdl/lv_draw_sdl_mask.c.obj
LOAD CMakeFiles/f407zgt6.elf.dir/LVGL/src/draw/sdl/lv_draw_sdl_polygon.c.obj
LOAD CMakeFiles/f407zgt6.elf.dir/LVGL/src/draw/sdl/lv_draw_sdl_rect.c.obj
LOAD CMakeFiles/f407zgt6.elf.dir/LVGL/src/draw/sdl/lv_draw_sdl_stack_blur.c.obj
LOAD CMakeFiles/f407zgt6.elf.dir/LVGL/src/draw/sdl/lv_draw_sdl_texture_cache.c.obj
LOAD CMakeFiles/f407zgt6.elf.dir/LVGL/src/draw/sdl/lv_draw_sdl_utils.c.obj
LOAD CMakeFiles/f407zgt6.elf.dir/LVGL/src/draw/stm32_dma2d/lv_gpu_stm32_dma2d.c.obj
LOAD CMakeFiles/f407zgt6.elf.dir/LVGL/src/draw/sw/lv_draw_sw.c.obj
LOAD CMakeFiles/f407zgt6.elf.dir/LVGL/src/draw/sw/lv_draw_sw_arc.c.obj
LOAD CMakeFiles/f407zgt6.elf.dir/LVGL/src/draw/sw/lv_draw_sw_blend.c.obj
LOAD CMakeFiles/f407zgt6.elf.dir/LVGL/src/draw/sw/lv_draw_sw_dither.c.obj
LOAD CMakeFiles/f407zgt6.elf.dir/LVGL/src/draw/sw/lv_draw_sw_gradient.c.obj
LOAD CMakeFiles/f407zgt6.elf.dir/LVGL/src/draw/sw/lv_draw_sw_img.c.obj
LOAD CMakeFiles/f407zgt6.elf.dir/LVGL/src/draw/sw/lv_draw_sw_letter.c.obj
LOAD CMakeFiles/f407zgt6.elf.dir/LVGL/src/draw/sw/lv_draw_sw_line.c.obj
LOAD CMakeFiles/f407zgt6.elf.dir/LVGL/src/draw/sw/lv_draw_sw_polygon.c.obj
LOAD CMakeFiles/f407zgt6.elf.dir/LVGL/src/draw/sw/lv_draw_sw_rect.c.obj
LOAD CMakeFiles/f407zgt6.elf.dir/LVGL/src/extra/layouts/flex/lv_flex.c.obj
LOAD CMakeFiles/f407zgt6.elf.dir/LVGL/src/extra/layouts/grid/lv_grid.c.obj
LOAD CMakeFiles/f407zgt6.elf.dir/LVGL/src/extra/libs/bmp/lv_bmp.c.obj
LOAD CMakeFiles/f407zgt6.elf.dir/LVGL/src/extra/libs/ffmpeg/lv_ffmpeg.c.obj
LOAD CMakeFiles/f407zgt6.elf.dir/LVGL/src/extra/libs/freetype/lv_freetype.c.obj
LOAD CMakeFiles/f407zgt6.elf.dir/LVGL/src/extra/libs/fsdrv/lv_fs_fatfs.c.obj
LOAD CMakeFiles/f407zgt6.elf.dir/LVGL/src/extra/libs/fsdrv/lv_fs_posix.c.obj
LOAD CMakeFiles/f407zgt6.elf.dir/LVGL/src/extra/libs/fsdrv/lv_fs_stdio.c.obj
LOAD CMakeFiles/f407zgt6.elf.dir/LVGL/src/extra/libs/fsdrv/lv_fs_win32.c.obj
LOAD CMakeFiles/f407zgt6.elf.dir/LVGL/src/extra/libs/gif/gifdec.c.obj
LOAD CMakeFiles/f407zgt6.elf.dir/LVGL/src/extra/libs/gif/lv_gif.c.obj
LOAD CMakeFiles/f407zgt6.elf.dir/LVGL/src/extra/libs/png/lodepng.c.obj
LOAD CMakeFiles/f407zgt6.elf.dir/LVGL/src/extra/libs/png/lv_png.c.obj
LOAD CMakeFiles/f407zgt6.elf.dir/LVGL/src/extra/libs/qrcode/lv_qrcode.c.obj
LOAD CMakeFiles/f407zgt6.elf.dir/LVGL/src/extra/libs/qrcode/qrcodegen.c.obj
LOAD CMakeFiles/f407zgt6.elf.dir/LVGL/src/extra/libs/rlottie/lv_rlottie.c.obj
LOAD CMakeFiles/f407zgt6.elf.dir/LVGL/src/extra/libs/sjpg/lv_sjpg.c.obj
LOAD CMakeFiles/f407zgt6.elf.dir/LVGL/src/extra/libs/sjpg/tjpgd.c.obj
LOAD CMakeFiles/f407zgt6.elf.dir/LVGL/src/extra/lv_extra.c.obj
LOAD CMakeFiles/f407zgt6.elf.dir/LVGL/src/extra/others/gridnav/lv_gridnav.c.obj
LOAD CMakeFiles/f407zgt6.elf.dir/LVGL/src/extra/others/monkey/lv_monkey.c.obj
LOAD CMakeFiles/f407zgt6.elf.dir/LVGL/src/extra/others/snapshot/lv_snapshot.c.obj
LOAD CMakeFiles/f407zgt6.elf.dir/LVGL/src/extra/themes/basic/lv_theme_basic.c.obj
LOAD CMakeFiles/f407zgt6.elf.dir/LVGL/src/extra/themes/default/lv_theme_default.c.obj
LOAD CMakeFiles/f407zgt6.elf.dir/LVGL/src/extra/themes/mono/lv_theme_mono.c.obj
LOAD CMakeFiles/f407zgt6.elf.dir/LVGL/src/extra/widgets/animimg/lv_animimg.c.obj
LOAD CMakeFiles/f407zgt6.elf.dir/LVGL/src/extra/widgets/calendar/lv_calendar.c.obj
LOAD CMakeFiles/f407zgt6.elf.dir/LVGL/src/extra/widgets/calendar/lv_calendar_header_arrow.c.obj
LOAD CMakeFiles/f407zgt6.elf.dir/LVGL/src/extra/widgets/calendar/lv_calendar_header_dropdown.c.obj
LOAD CMakeFiles/f407zgt6.elf.dir/LVGL/src/extra/widgets/chart/lv_chart.c.obj
LOAD CMakeFiles/f407zgt6.elf.dir/LVGL/src/extra/widgets/colorwheel/lv_colorwheel.c.obj
LOAD CMakeFiles/f407zgt6.elf.dir/LVGL/src/extra/widgets/imgbtn/lv_imgbtn.c.obj
LOAD CMakeFiles/f407zgt6.elf.dir/LVGL/src/extra/widgets/keyboard/lv_keyboard.c.obj
LOAD CMakeFiles/f407zgt6.elf.dir/LVGL/src/extra/widgets/led/lv_led.c.obj
LOAD CMakeFiles/f407zgt6.elf.dir/LVGL/src/extra/widgets/list/lv_list.c.obj
LOAD CMakeFiles/f407zgt6.elf.dir/LVGL/src/extra/widgets/menu/lv_menu.c.obj
LOAD CMakeFiles/f407zgt6.elf.dir/LVGL/src/extra/widgets/meter/lv_meter.c.obj
LOAD CMakeFiles/f407zgt6.elf.dir/LVGL/src/extra/widgets/msgbox/lv_msgbox.c.obj
LOAD CMakeFiles/f407zgt6.elf.dir/LVGL/src/extra/widgets/span/lv_span.c.obj
LOAD CMakeFiles/f407zgt6.elf.dir/LVGL/src/extra/widgets/spinbox/lv_spinbox.c.obj
LOAD CMakeFiles/f407zgt6.elf.dir/LVGL/src/extra/widgets/spinner/lv_spinner.c.obj
LOAD CMakeFiles/f407zgt6.elf.dir/LVGL/src/extra/widgets/tabview/lv_tabview.c.obj
LOAD CMakeFiles/f407zgt6.elf.dir/LVGL/src/extra/widgets/tileview/lv_tileview.c.obj
LOAD CMakeFiles/f407zgt6.elf.dir/LVGL/src/extra/widgets/win/lv_win.c.obj
LOAD CMakeFiles/f407zgt6.elf.dir/LVGL/src/font/lv_font.c.obj
LOAD CMakeFiles/f407zgt6.elf.dir/LVGL/src/font/lv_font_dejavu_16_persian_hebrew.c.obj
LOAD CMakeFiles/f407zgt6.elf.dir/LVGL/src/font/lv_font_fmt_txt.c.obj
LOAD CMakeFiles/f407zgt6.elf.dir/LVGL/src/font/lv_font_loader.c.obj
LOAD CMakeFiles/f407zgt6.elf.dir/LVGL/src/font/lv_font_montserrat_10.c.obj
LOAD CMakeFiles/f407zgt6.elf.dir/LVGL/src/font/lv_font_montserrat_12.c.obj
LOAD CMakeFiles/f407zgt6.elf.dir/LVGL/src/font/lv_font_montserrat_12_subpx.c.obj
LOAD CMakeFiles/f407zgt6.elf.dir/LVGL/src/font/lv_font_montserrat_14.c.obj
LOAD CMakeFiles/f407zgt6.elf.dir/LVGL/src/font/lv_font_montserrat_16.c.obj
LOAD CMakeFiles/f407zgt6.elf.dir/LVGL/src/font/lv_font_montserrat_18.c.obj
LOAD CMakeFiles/f407zgt6.elf.dir/LVGL/src/font/lv_font_montserrat_20.c.obj
LOAD CMakeFiles/f407zgt6.elf.dir/LVGL/src/font/lv_font_montserrat_22.c.obj
LOAD CMakeFiles/f407zgt6.elf.dir/LVGL/src/font/lv_font_montserrat_24.c.obj
LOAD CMakeFiles/f407zgt6.elf.dir/LVGL/src/font/lv_font_montserrat_26.c.obj
LOAD CMakeFiles/f407zgt6.elf.dir/LVGL/src/font/lv_font_montserrat_28.c.obj
LOAD CMakeFiles/f407zgt6.elf.dir/LVGL/src/font/lv_font_montserrat_28_compressed.c.obj
LOAD CMakeFiles/f407zgt6.elf.dir/LVGL/src/font/lv_font_montserrat_30.c.obj
LOAD CMakeFiles/f407zgt6.elf.dir/LVGL/src/font/lv_font_montserrat_32.c.obj
LOAD CMakeFiles/f407zgt6.elf.dir/LVGL/src/font/lv_font_montserrat_34.c.obj
LOAD CMakeFiles/f407zgt6.elf.dir/LVGL/src/font/lv_font_montserrat_36.c.obj
LOAD CMakeFiles/f407zgt6.elf.dir/LVGL/src/font/lv_font_montserrat_38.c.obj
LOAD CMakeFiles/f407zgt6.elf.dir/LVGL/src/font/lv_font_montserrat_40.c.obj
LOAD CMakeFiles/f407zgt6.elf.dir/LVGL/src/font/lv_font_montserrat_42.c.obj
LOAD CMakeFiles/f407zgt6.elf.dir/LVGL/src/font/lv_font_montserrat_44.c.obj
LOAD CMakeFiles/f407zgt6.elf.dir/LVGL/src/font/lv_font_montserrat_46.c.obj
LOAD CMakeFiles/f407zgt6.elf.dir/LVGL/src/font/lv_font_montserrat_48.c.obj
LOAD CMakeFiles/f407zgt6.elf.dir/LVGL/src/font/lv_font_montserrat_8.c.obj
LOAD CMakeFiles/f407zgt6.elf.dir/LVGL/src/font/lv_font_simsun_16_cjk.c.obj
LOAD CMakeFiles/f407zgt6.elf.dir/LVGL/src/font/lv_font_unscii_16.c.obj
LOAD CMakeFiles/f407zgt6.elf.dir/LVGL/src/font/lv_font_unscii_8.c.obj
LOAD CMakeFiles/f407zgt6.elf.dir/LVGL/src/hal/lv_hal_disp.c.obj
LOAD CMakeFiles/f407zgt6.elf.dir/LVGL/src/hal/lv_hal_indev.c.obj
LOAD CMakeFiles/f407zgt6.elf.dir/LVGL/src/hal/lv_hal_tick.c.obj
LOAD CMakeFiles/f407zgt6.elf.dir/LVGL/src/misc/lv_anim.c.obj
LOAD CMakeFiles/f407zgt6.elf.dir/LVGL/src/misc/lv_anim_timeline.c.obj
LOAD CMakeFiles/f407zgt6.elf.dir/LVGL/src/misc/lv_area.c.obj
LOAD CMakeFiles/f407zgt6.elf.dir/LVGL/src/misc/lv_async.c.obj
LOAD CMakeFiles/f407zgt6.elf.dir/LVGL/src/misc/lv_bidi.c.obj
LOAD CMakeFiles/f407zgt6.elf.dir/LVGL/src/misc/lv_color.c.obj
LOAD CMakeFiles/f407zgt6.elf.dir/LVGL/src/misc/lv_fs.c.obj
LOAD CMakeFiles/f407zgt6.elf.dir/LVGL/src/misc/lv_gc.c.obj
LOAD CMakeFiles/f407zgt6.elf.dir/LVGL/src/misc/lv_ll.c.obj
LOAD CMakeFiles/f407zgt6.elf.dir/LVGL/src/misc/lv_log.c.obj
LOAD CMakeFiles/f407zgt6.elf.dir/LVGL/src/misc/lv_lru.c.obj
LOAD CMakeFiles/f407zgt6.elf.dir/LVGL/src/misc/lv_math.c.obj
LOAD CMakeFiles/f407zgt6.elf.dir/LVGL/src/misc/lv_mem.c.obj
LOAD CMakeFiles/f407zgt6.elf.dir/LVGL/src/misc/lv_printf.c.obj
LOAD CMakeFiles/f407zgt6.elf.dir/LVGL/src/misc/lv_style.c.obj
LOAD CMakeFiles/f407zgt6.elf.dir/LVGL/src/misc/lv_style_gen.c.obj
LOAD CMakeFiles/f407zgt6.elf.dir/LVGL/src/misc/lv_templ.c.obj
LOAD CMakeFiles/f407zgt6.elf.dir/LVGL/src/misc/lv_timer.c.obj
LOAD CMakeFiles/f407zgt6.elf.dir/LVGL/src/misc/lv_tlsf.c.obj
LOAD CMakeFiles/f407zgt6.elf.dir/LVGL/src/misc/lv_txt.c.obj
LOAD CMakeFiles/f407zgt6.elf.dir/LVGL/src/misc/lv_txt_ap.c.obj
LOAD CMakeFiles/f407zgt6.elf.dir/LVGL/src/misc/lv_utils.c.obj
LOAD CMakeFiles/f407zgt6.elf.dir/LVGL/src/widgets/lv_arc.c.obj
LOAD CMakeFiles/f407zgt6.elf.dir/LVGL/src/widgets/lv_bar.c.obj
LOAD CMakeFiles/f407zgt6.elf.dir/LVGL/src/widgets/lv_btn.c.obj
LOAD CMakeFiles/f407zgt6.elf.dir/LVGL/src/widgets/lv_btnmatrix.c.obj
LOAD CMakeFiles/f407zgt6.elf.dir/LVGL/src/widgets/lv_canvas.c.obj
LOAD CMakeFiles/f407zgt6.elf.dir/LVGL/src/widgets/lv_checkbox.c.obj
LOAD CMakeFiles/f407zgt6.elf.dir/LVGL/src/widgets/lv_dropdown.c.obj
LOAD CMakeFiles/f407zgt6.elf.dir/LVGL/src/widgets/lv_img.c.obj
LOAD CMakeFiles/f407zgt6.elf.dir/LVGL/src/widgets/lv_label.c.obj
LOAD CMakeFiles/f407zgt6.elf.dir/LVGL/src/widgets/lv_line.c.obj
LOAD CMakeFiles/f407zgt6.elf.dir/LVGL/src/widgets/lv_objx_templ.c.obj
LOAD CMakeFiles/f407zgt6.elf.dir/LVGL/src/widgets/lv_roller.c.obj
LOAD CMakeFiles/f407zgt6.elf.dir/LVGL/src/widgets/lv_slider.c.obj
LOAD CMakeFiles/f407zgt6.elf.dir/LVGL/src/widgets/lv_switch.c.obj
LOAD CMakeFiles/f407zgt6.elf.dir/LVGL/src/widgets/lv_table.c.obj
LOAD CMakeFiles/f407zgt6.elf.dir/LVGL/src/widgets/lv_textarea.c.obj
LOAD CMakeFiles/f407zgt6.elf.dir/User/24CXX/24cxx.c.obj
LOAD CMakeFiles/f407zgt6.elf.dir/User/LCD/lcd.c.obj
LOAD CMakeFiles/f407zgt6.elf.dir/User/SVPWM/svpwm.c.obj
LOAD CMakeFiles/f407zgt6.elf.dir/User/touch/ctiic.c.obj
LOAD CMakeFiles/f407zgt6.elf.dir/User/touch/ft5206.c.obj
LOAD CMakeFiles/f407zgt6.elf.dir/User/touch/gt1151.c.obj
LOAD CMakeFiles/f407zgt6.elf.dir/User/touch/gt9147.c.obj
LOAD CMakeFiles/f407zgt6.elf.dir/User/touch/ott2001a.c.obj
LOAD CMakeFiles/f407zgt6.elf.dir/User/touch/touch.c.obj
START GROUP
LOAD F:/tools/arm-gnu-toolchain/bin/../lib/gcc/arm-none-eabi/13.2.1/thumb/v7e-m+fp/hard\libgcc.a
LOAD F:/tools/arm-gnu-toolchain/bin/../lib/gcc/arm-none-eabi/13.2.1/thumb/v7e-m+fp/hard\libg.a
LOAD F:/tools/arm-gnu-toolchain/bin/../lib/gcc/arm-none-eabi/13.2.1/thumb/v7e-m+fp/hard\libc.a
END GROUP
LOAD F:/tools/arm-gnu-toolchain/bin/../lib/gcc/arm-none-eabi/13.2.1/thumb/v7e-m+fp/hard/crtend.o
LOAD F:/tools/arm-gnu-toolchain/bin/../lib/gcc/arm-none-eabi/13.2.1/thumb/v7e-m+fp/hard/crtn.o
                0x20020000                        _estack = (ORIGIN (RAM) + LENGTH (RAM))
                0x00000200                        _Min_Heap_Size = 0x200
                0x00000400                        _Min_Stack_Size = 0x400

.isr_vector     0x08000000      0x188
                0x08000000                        . = ALIGN (0x4)
 *(.isr_vector)
 .isr_vector    0x08000000      0x188 CMakeFiles/f407zgt6.elf.dir/Core/Startup/startup_stm32f407zgtx.s.obj
                0x08000000                g_pfnVectors
                0x08000188                        . = ALIGN (0x4)

.text           0x080001c0    0x37a2c
                0x080001c0                        . = ALIGN (0x4)
 *(.text)
 .text          0x080001c0      0x378 F:/tools/arm-gnu-toolchain/bin/../lib/gcc/arm-none-eabi/13.2.1/thumb/v7e-m+fp/hard\libgcc.a(_arm_addsubdf3.o)
                0x080001c0                __aeabi_drsub
                0x080001c8                __aeabi_dsub
                0x080001c8                __subdf3
                0x080001cc                __aeabi_dadd
                0x080001cc                __adddf3
                0x08000444                __floatunsidf
                0x08000444                __aeabi_ui2d
                0x08000464                __floatsidf
                0x08000464                __aeabi_i2d
                0x08000488                __aeabi_f2d
                0x08000488                __extendsfdf2
                0x080004cc                __floatundidf
                0x080004cc                __aeabi_ul2d
                0x080004dc                __floatdidf
                0x080004dc                __aeabi_l2d
 .text          0x08000538      0x110 F:/tools/arm-gnu-toolchain/bin/../lib/gcc/arm-none-eabi/13.2.1/thumb/v7e-m+fp/hard\libgcc.a(_arm_cmpdf2.o)
                0x08000538                __gtdf2
                0x08000538                __gedf2
                0x08000540                __ltdf2
                0x08000540                __ledf2
                0x08000548                __nedf2
                0x08000548                __eqdf2
                0x08000548                __cmpdf2
                0x080005c4                __aeabi_cdrcmple
                0x080005d4                __aeabi_cdcmpeq
                0x080005d4                __aeabi_cdcmple
                0x080005e4                __aeabi_dcmpeq
                0x080005f8                __aeabi_dcmplt
                0x0800060c                __aeabi_dcmple
                0x08000620                __aeabi_dcmpge
                0x08000634                __aeabi_dcmpgt
 .text          0x08000648       0x40 F:/tools/arm-gnu-toolchain/bin/../lib/gcc/arm-none-eabi/13.2.1/thumb/v7e-m+fp/hard\libgcc.a(_arm_fixunsdfsi.o)
                0x08000648                __aeabi_d2uiz
                0x08000648                __fixunsdfsi
 .text          0x08000688       0x30 F:/tools/arm-gnu-toolchain/bin/../lib/gcc/arm-none-eabi/13.2.1/thumb/v7e-m+fp/hard\libgcc.a(_aeabi_uldivmod.o)
                0x08000688                __aeabi_uldivmod
 .text          0x080006b8        0x4 F:/tools/arm-gnu-toolchain/bin/../lib/gcc/arm-none-eabi/13.2.1/thumb/v7e-m+fp/hard\libgcc.a(_dvmd_tls.o)
                0x080006b8                __aeabi_idiv0
                0x080006b8                __aeabi_ldiv0
 *fill*         0x080006bc        0x4 
 .text          0x080006c0      0x2e0 F:/tools/arm-gnu-toolchain/bin/../lib/gcc/arm-none-eabi/13.2.1/thumb/v7e-m+fp/hard\libg.a(libc_a-strcmp.o)
                0x080006c0                strcmp
 .text          0x080009a0       0xa0 F:/tools/arm-gnu-toolchain/bin/../lib/gcc/arm-none-eabi/13.2.1/thumb/v7e-m+fp/hard\libg.a(libc_a-memchr.o)
                0x080009a0                memchr
 .text          0x08000a40      0x134 F:/tools/arm-gnu-toolchain/bin/../lib/gcc/arm-none-eabi/13.2.1/thumb/v7e-m+fp/hard\libg.a(libc_a-memcpy.o)
                0x08000a40                memcpy
 *fill*         0x08000b74        0xc 
 .text          0x08000b80       0xd8 F:/tools/arm-gnu-toolchain/bin/../lib/gcc/arm-none-eabi/13.2.1/thumb/v7e-m+fp/hard\libg.a(libc_a-strlen.o)
                0x08000b80                strlen
 .text          0x08000c58      0x424 F:/tools/arm-gnu-toolchain/bin/../lib/gcc/arm-none-eabi/13.2.1/thumb/v7e-m+fp/hard\libgcc.a(_arm_muldivdf3.o)
                0x08000c58                __aeabi_dmul
                0x08000c58                __muldf3
                0x08000eac                __divdf3
                0x08000eac                __aeabi_ddiv
 .text          0x0800107c       0x2c F:/tools/arm-gnu-toolchain/bin/../lib/gcc/arm-none-eabi/13.2.1/thumb/v7e-m+fp/hard\libgcc.a(_arm_unorddf2.o)
                0x0800107c                __unorddf2
                0x0800107c                __aeabi_dcmpun
 .text          0x080010a8       0x50 F:/tools/arm-gnu-toolchain/bin/../lib/gcc/arm-none-eabi/13.2.1/thumb/v7e-m+fp/hard\libgcc.a(_arm_fixdfsi.o)
                0x080010a8                __aeabi_d2iz
                0x080010a8                __fixdfsi
 *(.text*)
 .text.deregister_tm_clones
                0x080010f8       0x1c F:/tools/arm-gnu-toolchain/bin/../lib/gcc/arm-none-eabi/13.2.1/thumb/v7e-m+fp/hard/crtbegin.o
 .text.register_tm_clones
                0x08001114       0x24 F:/tools/arm-gnu-toolchain/bin/../lib/gcc/arm-none-eabi/13.2.1/thumb/v7e-m+fp/hard/crtbegin.o
 .text.__do_global_dtors_aux
                0x08001138       0x28 F:/tools/arm-gnu-toolchain/bin/../lib/gcc/arm-none-eabi/13.2.1/thumb/v7e-m+fp/hard/crtbegin.o
 .text.frame_dummy
                0x08001160       0x24 F:/tools/arm-gnu-toolchain/bin/../lib/gcc/arm-none-eabi/13.2.1/thumb/v7e-m+fp/hard/crtbegin.o
 .text.delay_us
                0x08001184       0x32 CMakeFiles/f407zgt6.elf.dir/Core/Src/delay.c.obj
                0x08001184                delay_us
 .text.delay_ms
                0x080011b6       0x18 CMakeFiles/f407zgt6.elf.dir/Core/Src/delay.c.obj
                0x080011b6                delay_ms
 *fill*         0x080011ce        0x2 
 .text.MX_GPIO_Init
                0x080011d0       0xd0 CMakeFiles/f407zgt6.elf.dir/Core/Src/gpio.c.obj
                0x080011d0                MX_GPIO_Init
 .text.HAL_TIM_PeriodElapsedCallback
                0x080012a0       0x14 CMakeFiles/f407zgt6.elf.dir/Core/Src/main.c.obj
                0x080012a0                HAL_TIM_PeriodElapsedCallback
 .text.Error_Handler
                0x080012b4        0x4 CMakeFiles/f407zgt6.elf.dir/Core/Src/main.c.obj
                0x080012b4                Error_Handler
 .text.SystemClock_Config
                0x080012b8       0xa4 CMakeFiles/f407zgt6.elf.dir/Core/Src/main.c.obj
                0x080012b8                SystemClock_Config
 .text.main     0x0800135c       0x44 CMakeFiles/f407zgt6.elf.dir/Core/Src/main.c.obj
                0x0800135c                main
 .text.IIC_Init
                0x080013a0       0x50 CMakeFiles/f407zgt6.elf.dir/Core/Src/myiic.c.obj
                0x080013a0                IIC_Init
 .text.IIC_Start
                0x080013f0       0x40 CMakeFiles/f407zgt6.elf.dir/Core/Src/myiic.c.obj
                0x080013f0                IIC_Start
 .text.IIC_Stop
                0x08001430       0x48 CMakeFiles/f407zgt6.elf.dir/Core/Src/myiic.c.obj
                0x08001430                IIC_Stop
 .text.IIC_Wait_Ack
                0x08001478       0x54 CMakeFiles/f407zgt6.elf.dir/Core/Src/myiic.c.obj
                0x08001478                IIC_Wait_Ack
 .text.IIC_Ack  0x080014cc       0x40 CMakeFiles/f407zgt6.elf.dir/Core/Src/myiic.c.obj
                0x080014cc                IIC_Ack
 .text.IIC_NAck
                0x0800150c       0x40 CMakeFiles/f407zgt6.elf.dir/Core/Src/myiic.c.obj
                0x0800150c                IIC_NAck
 .text.IIC_Send_Byte
                0x0800154c       0x5c CMakeFiles/f407zgt6.elf.dir/Core/Src/myiic.c.obj
                0x0800154c                IIC_Send_Byte
 .text.IIC_Read_Byte
                0x080015a8       0x64 CMakeFiles/f407zgt6.elf.dir/Core/Src/myiic.c.obj
                0x080015a8                IIC_Read_Byte
 .text.HAL_MspInit
                0x0800160c       0x38 CMakeFiles/f407zgt6.elf.dir/Core/Src/stm32f4xx_hal_msp.c.obj
                0x0800160c                HAL_MspInit
 .text.NMI_Handler
                0x08001644        0x2 CMakeFiles/f407zgt6.elf.dir/Core/Src/stm32f4xx_it.c.obj
                0x08001644                NMI_Handler
 .text.HardFault_Handler
                0x08001646        0x2 CMakeFiles/f407zgt6.elf.dir/Core/Src/stm32f4xx_it.c.obj
                0x08001646                HardFault_Handler
 .text.MemManage_Handler
                0x08001648        0x2 CMakeFiles/f407zgt6.elf.dir/Core/Src/stm32f4xx_it.c.obj
                0x08001648                MemManage_Handler
 .text.BusFault_Handler
                0x0800164a        0x2 CMakeFiles/f407zgt6.elf.dir/Core/Src/stm32f4xx_it.c.obj
                0x0800164a                BusFault_Handler
 .text.UsageFault_Handler
                0x0800164c        0x2 CMakeFiles/f407zgt6.elf.dir/Core/Src/stm32f4xx_it.c.obj
                0x0800164c                UsageFault_Handler
 .text.SVC_Handler
                0x0800164e        0x2 CMakeFiles/f407zgt6.elf.dir/Core/Src/stm32f4xx_it.c.obj
                0x0800164e                SVC_Handler
 .text.DebugMon_Handler
                0x08001650        0x2 CMakeFiles/f407zgt6.elf.dir/Core/Src/stm32f4xx_it.c.obj
                0x08001650                DebugMon_Handler
 .text.PendSV_Handler
                0x08001652        0x2 CMakeFiles/f407zgt6.elf.dir/Core/Src/stm32f4xx_it.c.obj
                0x08001652                PendSV_Handler
 .text.SysTick_Handler
                0x08001654        0x8 CMakeFiles/f407zgt6.elf.dir/Core/Src/stm32f4xx_it.c.obj
                0x08001654                SysTick_Handler
 .text.TIM2_IRQHandler
                0x0800165c       0x10 CMakeFiles/f407zgt6.elf.dir/Core/Src/stm32f4xx_it.c.obj
                0x0800165c                TIM2_IRQHandler
 .text.USART1_IRQHandler
                0x0800166c       0x48 CMakeFiles/f407zgt6.elf.dir/Core/Src/stm32f4xx_it.c.obj
                0x0800166c                USART1_IRQHandler
 .text.HAL_UART_AbortReceiveCpltCallback
                0x080016b4       0x74 CMakeFiles/f407zgt6.elf.dir/Core/Src/stm32f4xx_it.c.obj
                0x080016b4                HAL_UART_AbortReceiveCpltCallback
 .text._getpid  0x08001728        0x4 CMakeFiles/f407zgt6.elf.dir/Core/Src/syscalls.c.obj
                0x08001728                _getpid
 .text._kill    0x0800172c       0x10 CMakeFiles/f407zgt6.elf.dir/Core/Src/syscalls.c.obj
                0x0800172c                _kill
 .text._exit    0x0800173c        0xc CMakeFiles/f407zgt6.elf.dir/Core/Src/syscalls.c.obj
                0x0800173c                _exit
 .text._read    0x08001748       0x20 CMakeFiles/f407zgt6.elf.dir/Core/Src/syscalls.c.obj
                0x08001748                _read
 .text._write   0x08001768       0x1c CMakeFiles/f407zgt6.elf.dir/Core/Src/syscalls.c.obj
                0x08001768                _write
 .text._close   0x08001784        0x6 CMakeFiles/f407zgt6.elf.dir/Core/Src/syscalls.c.obj
                0x08001784                _close
 .text._fstat   0x0800178a        0xa CMakeFiles/f407zgt6.elf.dir/Core/Src/syscalls.c.obj
                0x0800178a                _fstat
 .text._isatty  0x08001794        0x4 CMakeFiles/f407zgt6.elf.dir/Core/Src/syscalls.c.obj
                0x08001794                _isatty
 .text._lseek   0x08001798        0x4 CMakeFiles/f407zgt6.elf.dir/Core/Src/syscalls.c.obj
                0x08001798                _lseek
 .text._sbrk    0x0800179c       0x48 CMakeFiles/f407zgt6.elf.dir/Core/Src/sysmem.c.obj
                0x0800179c                _sbrk
 .text.SystemInit
                0x080017e4       0x14 CMakeFiles/f407zgt6.elf.dir/Core/Src/system_stm32f4xx.c.obj
                0x080017e4                SystemInit
 .text.MX_TIM2_Init
                0x080017f8       0x70 CMakeFiles/f407zgt6.elf.dir/Core/Src/tim.c.obj
                0x080017f8                MX_TIM2_Init
 .text.HAL_TIM_Base_MspInit
                0x08001868       0x3c CMakeFiles/f407zgt6.elf.dir/Core/Src/tim.c.obj
                0x08001868                HAL_TIM_Base_MspInit
 .text.HAL_UART_MspInit
                0x080018a4       0x80 CMakeFiles/f407zgt6.elf.dir/Core/Src/usart.c.obj
                0x080018a4                HAL_UART_MspInit
 .text.U1_Printf
                0x08001924       0x3c CMakeFiles/f407zgt6.elf.dir/Core/Src/usart.c.obj
                0x08001924                U1_Printf
 .text.U1_CB_Init
                0x08001960       0x24 CMakeFiles/f407zgt6.elf.dir/Core/Src/usart.c.obj
                0x08001960                U1_CB_Init
 .text.MX_USART1_UART_Init
                0x08001984       0x58 CMakeFiles/f407zgt6.elf.dir/Core/Src/usart.c.obj
                0x08001984                MX_USART1_UART_Init
 .text.Reset_Handler
                0x080019dc       0x50 CMakeFiles/f407zgt6.elf.dir/Core/Startup/startup_stm32f407zgtx.s.obj
                0x080019dc                Reset_Handler
 .text.Default_Handler
                0x08001a2c        0x2 CMakeFiles/f407zgt6.elf.dir/Core/Startup/startup_stm32f407zgtx.s.obj
                0x08001a2c                RTC_Alarm_IRQHandler
                0x08001a2c                HASH_RNG_IRQHandler
                0x08001a2c                EXTI2_IRQHandler
                0x08001a2c                TIM8_CC_IRQHandler
                0x08001a2c                TIM1_CC_IRQHandler
                0x08001a2c                DMA2_Stream5_IRQHandler
                0x08001a2c                DMA1_Stream5_IRQHandler
                0x08001a2c                PVD_IRQHandler
                0x08001a2c                SDIO_IRQHandler
                0x08001a2c                TAMP_STAMP_IRQHandler
                0x08001a2c                CAN2_RX1_IRQHandler
                0x08001a2c                EXTI3_IRQHandler
                0x08001a2c                TIM8_TRG_COM_TIM14_IRQHandler
                0x08001a2c                TIM1_UP_TIM10_IRQHandler
                0x08001a2c                TIM8_UP_TIM13_IRQHandler
                0x08001a2c                I2C3_ER_IRQHandler
                0x08001a2c                EXTI0_IRQHandler
                0x08001a2c                I2C2_EV_IRQHandler
                0x08001a2c                DMA1_Stream2_IRQHandler
                0x08001a2c                CAN1_RX0_IRQHandler
                0x08001a2c                FPU_IRQHandler
                0x08001a2c                OTG_HS_WKUP_IRQHandler
                0x08001a2c                CAN2_SCE_IRQHandler
                0x08001a2c                DMA2_Stream2_IRQHandler
                0x08001a2c                SPI1_IRQHandler
                0x08001a2c                TIM6_DAC_IRQHandler
                0x08001a2c                TIM1_BRK_TIM9_IRQHandler
                0x08001a2c                DCMI_IRQHandler
                0x08001a2c                CAN2_RX0_IRQHandler
                0x08001a2c                DMA2_Stream3_IRQHandler
                0x08001a2c                USART6_IRQHandler
                0x08001a2c                USART3_IRQHandler
                0x08001a2c                CAN1_RX1_IRQHandler
                0x08001a2c                UART5_IRQHandler
                0x08001a2c                DMA2_Stream0_IRQHandler
                0x08001a2c                TIM4_IRQHandler
                0x08001a2c                I2C1_EV_IRQHandler
                0x08001a2c                DMA1_Stream6_IRQHandler
                0x08001a2c                DMA1_Stream1_IRQHandler
                0x08001a2c                UART4_IRQHandler
                0x08001a2c                TIM3_IRQHandler
                0x08001a2c                RCC_IRQHandler
                0x08001a2c                TIM8_BRK_TIM12_IRQHandler
                0x08001a2c                Default_Handler
                0x08001a2c                EXTI15_10_IRQHandler
                0x08001a2c                ADC_IRQHandler
                0x08001a2c                DMA1_Stream7_IRQHandler
                0x08001a2c                TIM7_IRQHandler
                0x08001a2c                CAN2_TX_IRQHandler
                0x08001a2c                TIM5_IRQHandler
                0x08001a2c                DMA2_Stream7_IRQHandler
                0x08001a2c                I2C3_EV_IRQHandler
                0x08001a2c                EXTI9_5_IRQHandler
                0x08001a2c                RTC_WKUP_IRQHandler
                0x08001a2c                ETH_WKUP_IRQHandler
                0x08001a2c                SPI2_IRQHandler
                0x08001a2c                OTG_HS_EP1_IN_IRQHandler
                0x08001a2c                DMA1_Stream0_IRQHandler
                0x08001a2c                CAN1_TX_IRQHandler
                0x08001a2c                EXTI4_IRQHandler
                0x08001a2c                FSMC_IRQHandler
                0x08001a2c                ETH_IRQHandler
                0x08001a2c                OTG_HS_EP1_OUT_IRQHandler
                0x08001a2c                WWDG_IRQHandler
                0x08001a2c                OTG_FS_WKUP_IRQHandler
                0x08001a2c                TIM1_TRG_COM_TIM11_IRQHandler
                0x08001a2c                OTG_HS_IRQHandler
                0x08001a2c                EXTI1_IRQHandler
                0x08001a2c                USART2_IRQHandler
                0x08001a2c                I2C2_ER_IRQHandler
                0x08001a2c                DMA2_Stream1_IRQHandler
                0x08001a2c                CAN1_SCE_IRQHandler
                0x08001a2c                FLASH_IRQHandler
                0x08001a2c                DMA2_Stream4_IRQHandler
                0x08001a2c                OTG_FS_IRQHandler
                0x08001a2c                SPI3_IRQHandler
                0x08001a2c                DMA1_Stream4_IRQHandler
                0x08001a2c                I2C1_ER_IRQHandler
                0x08001a2c                DMA2_Stream6_IRQHandler
                0x08001a2c                DMA1_Stream3_IRQHandler
 *fill*         0x08001a2e        0x2 
 .text.HAL_InitTick
                0x08001a30       0x4c CMakeFiles/f407zgt6.elf.dir/Drivers/STM32F4xx_HAL_Driver/Src/stm32f4xx_hal.c.obj
                0x08001a30                HAL_InitTick
 .text.HAL_Init
                0x08001a7c       0x34 CMakeFiles/f407zgt6.elf.dir/Drivers/STM32F4xx_HAL_Driver/Src/stm32f4xx_hal.c.obj
                0x08001a7c                HAL_Init
 .text.HAL_IncTick
                0x08001ab0       0x18 CMakeFiles/f407zgt6.elf.dir/Drivers/STM32F4xx_HAL_Driver/Src/stm32f4xx_hal.c.obj
                0x08001ab0                HAL_IncTick
 .text.HAL_GetTick
                0x08001ac8        0xc CMakeFiles/f407zgt6.elf.dir/Drivers/STM32F4xx_HAL_Driver/Src/stm32f4xx_hal.c.obj
                0x08001ac8                HAL_GetTick
 .text.__NVIC_SetPriority
                0x08001ad4       0x28 CMakeFiles/f407zgt6.elf.dir/Drivers/STM32F4xx_HAL_Driver/Src/stm32f4xx_hal_cortex.c.obj
 .text.NVIC_EncodePriority
                0x08001afc       0x3e CMakeFiles/f407zgt6.elf.dir/Drivers/STM32F4xx_HAL_Driver/Src/stm32f4xx_hal_cortex.c.obj
 *fill*         0x08001b3a        0x2 
 .text.HAL_NVIC_SetPriorityGrouping
                0x08001b3c       0x24 CMakeFiles/f407zgt6.elf.dir/Drivers/STM32F4xx_HAL_Driver/Src/stm32f4xx_hal_cortex.c.obj
                0x08001b3c                HAL_NVIC_SetPriorityGrouping
 .text.HAL_NVIC_SetPriority
                0x08001b60       0x20 CMakeFiles/f407zgt6.elf.dir/Drivers/STM32F4xx_HAL_Driver/Src/stm32f4xx_hal_cortex.c.obj
                0x08001b60                HAL_NVIC_SetPriority
 .text.HAL_NVIC_EnableIRQ
                0x08001b80       0x1c CMakeFiles/f407zgt6.elf.dir/Drivers/STM32F4xx_HAL_Driver/Src/stm32f4xx_hal_cortex.c.obj
                0x08001b80                HAL_NVIC_EnableIRQ
 .text.HAL_SYSTICK_Config
                0x08001b9c       0x28 CMakeFiles/f407zgt6.elf.dir/Drivers/STM32F4xx_HAL_Driver/Src/stm32f4xx_hal_cortex.c.obj
                0x08001b9c                HAL_SYSTICK_Config
 .text.DMA_SetConfig
                0x08001bc4       0x2c CMakeFiles/f407zgt6.elf.dir/Drivers/STM32F4xx_HAL_Driver/Src/stm32f4xx_hal_dma.c.obj
 .text.HAL_DMA_Start_IT
                0x08001bf0       0x6a CMakeFiles/f407zgt6.elf.dir/Drivers/STM32F4xx_HAL_Driver/Src/stm32f4xx_hal_dma.c.obj
                0x08001bf0                HAL_DMA_Start_IT
 .text.HAL_DMA_Abort
                0x08001c5a       0x94 CMakeFiles/f407zgt6.elf.dir/Drivers/STM32F4xx_HAL_Driver/Src/stm32f4xx_hal_dma.c.obj
                0x08001c5a                HAL_DMA_Abort
 .text.HAL_DMA_Abort_IT
                0x08001cee       0x26 CMakeFiles/f407zgt6.elf.dir/Drivers/STM32F4xx_HAL_Driver/Src/stm32f4xx_hal_dma.c.obj
                0x08001cee                HAL_DMA_Abort_IT
 .text.HAL_GPIO_Init
                0x08001d14      0x1ec CMakeFiles/f407zgt6.elf.dir/Drivers/STM32F4xx_HAL_Driver/Src/stm32f4xx_hal_gpio.c.obj
                0x08001d14                HAL_GPIO_Init
 .text.HAL_GPIO_WritePin
                0x08001f00        0xc CMakeFiles/f407zgt6.elf.dir/Drivers/STM32F4xx_HAL_Driver/Src/stm32f4xx_hal_gpio.c.obj
                0x08001f00                HAL_GPIO_WritePin
 .text.HAL_RCC_OscConfig
                0x08001f0c      0x3f8 CMakeFiles/f407zgt6.elf.dir/Drivers/STM32F4xx_HAL_Driver/Src/stm32f4xx_hal_rcc.c.obj
                0x08001f0c                HAL_RCC_OscConfig
 .text.HAL_RCC_GetSysClockFreq
                0x08002304       0xdc CMakeFiles/f407zgt6.elf.dir/Drivers/STM32F4xx_HAL_Driver/Src/stm32f4xx_hal_rcc.c.obj
                0x08002304                HAL_RCC_GetSysClockFreq
 .text.HAL_RCC_ClockConfig
                0x080023e0      0x160 CMakeFiles/f407zgt6.elf.dir/Drivers/STM32F4xx_HAL_Driver/Src/stm32f4xx_hal_rcc.c.obj
                0x080023e0                HAL_RCC_ClockConfig
 .text.HAL_RCC_GetHCLKFreq
                0x08002540        0xc CMakeFiles/f407zgt6.elf.dir/Drivers/STM32F4xx_HAL_Driver/Src/stm32f4xx_hal_rcc.c.obj
                0x08002540                HAL_RCC_GetHCLKFreq
 .text.HAL_RCC_GetPCLK1Freq
                0x0800254c       0x20 CMakeFiles/f407zgt6.elf.dir/Drivers/STM32F4xx_HAL_Driver/Src/stm32f4xx_hal_rcc.c.obj
                0x0800254c                HAL_RCC_GetPCLK1Freq
 .text.HAL_RCC_GetPCLK2Freq
                0x0800256c       0x20 CMakeFiles/f407zgt6.elf.dir/Drivers/STM32F4xx_HAL_Driver/Src/stm32f4xx_hal_rcc.c.obj
                0x0800256c                HAL_RCC_GetPCLK2Freq
 .text.HAL_SRAM_Init
                0x0800258c       0x58 CMakeFiles/f407zgt6.elf.dir/Drivers/STM32F4xx_HAL_Driver/Src/stm32f4xx_hal_sram.c.obj
                0x0800258c                HAL_SRAM_Init
 .text.TIM_TI1_ConfigInputStage
                0x080025e4       0x26 CMakeFiles/f407zgt6.elf.dir/Drivers/STM32F4xx_HAL_Driver/Src/stm32f4xx_hal_tim.c.obj
 .text.TIM_TI2_ConfigInputStage
                0x0800260a       0x28 CMakeFiles/f407zgt6.elf.dir/Drivers/STM32F4xx_HAL_Driver/Src/stm32f4xx_hal_tim.c.obj
 .text.TIM_ITRx_SetConfig
                0x08002632       0x10 CMakeFiles/f407zgt6.elf.dir/Drivers/STM32F4xx_HAL_Driver/Src/stm32f4xx_hal_tim.c.obj
 *fill*         0x08002642        0x2 
 .text.HAL_TIM_Base_Start_IT
                0x08002644       0x88 CMakeFiles/f407zgt6.elf.dir/Drivers/STM32F4xx_HAL_Driver/Src/stm32f4xx_hal_tim.c.obj
                0x08002644                HAL_TIM_Base_Start_IT
 .text.HAL_TIM_OC_DelayElapsedCallback
                0x080026cc        0x2 CMakeFiles/f407zgt6.elf.dir/Drivers/STM32F4xx_HAL_Driver/Src/stm32f4xx_hal_tim.c.obj
                0x080026cc                HAL_TIM_OC_DelayElapsedCallback
 .text.HAL_TIM_IC_CaptureCallback
                0x080026ce        0x2 CMakeFiles/f407zgt6.elf.dir/Drivers/STM32F4xx_HAL_Driver/Src/stm32f4xx_hal_tim.c.obj
                0x080026ce                HAL_TIM_IC_CaptureCallback
 .text.HAL_TIM_PWM_PulseFinishedCallback
                0x080026d0        0x2 CMakeFiles/f407zgt6.elf.dir/Drivers/STM32F4xx_HAL_Driver/Src/stm32f4xx_hal_tim.c.obj
                0x080026d0                HAL_TIM_PWM_PulseFinishedCallback
 .text.HAL_TIM_TriggerCallback
                0x080026d2        0x2 CMakeFiles/f407zgt6.elf.dir/Drivers/STM32F4xx_HAL_Driver/Src/stm32f4xx_hal_tim.c.obj
                0x080026d2                HAL_TIM_TriggerCallback
 .text.HAL_TIM_IRQHandler
                0x080026d4      0x17a CMakeFiles/f407zgt6.elf.dir/Drivers/STM32F4xx_HAL_Driver/Src/stm32f4xx_hal_tim.c.obj
                0x080026d4                HAL_TIM_IRQHandler
 *fill*         0x0800284e        0x2 
 .text.TIM_Base_SetConfig
                0x08002850       0xc8 CMakeFiles/f407zgt6.elf.dir/Drivers/STM32F4xx_HAL_Driver/Src/stm32f4xx_hal_tim.c.obj
                0x08002850                TIM_Base_SetConfig
 .text.HAL_TIM_Base_Init
                0x08002918       0x58 CMakeFiles/f407zgt6.elf.dir/Drivers/STM32F4xx_HAL_Driver/Src/stm32f4xx_hal_tim.c.obj
                0x08002918                HAL_TIM_Base_Init
 .text.TIM_ETR_SetConfig
                0x08002970       0x1a CMakeFiles/f407zgt6.elf.dir/Drivers/STM32F4xx_HAL_Driver/Src/stm32f4xx_hal_tim.c.obj
                0x08002970                TIM_ETR_SetConfig
 .text.HAL_TIM_ConfigClockSource
                0x0800298a       0xfe CMakeFiles/f407zgt6.elf.dir/Drivers/STM32F4xx_HAL_Driver/Src/stm32f4xx_hal_tim.c.obj
                0x0800298a                HAL_TIM_ConfigClockSource
 .text.HAL_TIMEx_MasterConfigSynchronization
                0x08002a88       0x8c CMakeFiles/f407zgt6.elf.dir/Drivers/STM32F4xx_HAL_Driver/Src/stm32f4xx_hal_tim_ex.c.obj
                0x08002a88                HAL_TIMEx_MasterConfigSynchronization
 .text.HAL_TIMEx_CommutCallback
                0x08002b14        0x2 CMakeFiles/f407zgt6.elf.dir/Drivers/STM32F4xx_HAL_Driver/Src/stm32f4xx_hal_tim_ex.c.obj
                0x08002b14                HAL_TIMEx_CommutCallback
 .text.HAL_TIMEx_BreakCallback
                0x08002b16        0x2 CMakeFiles/f407zgt6.elf.dir/Drivers/STM32F4xx_HAL_Driver/Src/stm32f4xx_hal_tim_ex.c.obj
                0x08002b16                HAL_TIMEx_BreakCallback
 .text.UART_EndTxTransfer
                0x08002b18       0x20 CMakeFiles/f407zgt6.elf.dir/Drivers/STM32F4xx_HAL_Driver/Src/stm32f4xx_hal_uart.c.obj
 .text.UART_EndRxTransfer
                0x08002b38       0x5c CMakeFiles/f407zgt6.elf.dir/Drivers/STM32F4xx_HAL_Driver/Src/stm32f4xx_hal_uart.c.obj
 .text.UART_Transmit_IT
                0x08002b94       0x60 CMakeFiles/f407zgt6.elf.dir/Drivers/STM32F4xx_HAL_Driver/Src/stm32f4xx_hal_uart.c.obj
 .text.UART_SetConfig
                0x08002bf4      0x110 CMakeFiles/f407zgt6.elf.dir/Drivers/STM32F4xx_HAL_Driver/Src/stm32f4xx_hal_uart.c.obj
 .text.UART_WaitOnFlagUntilTimeout
                0x08002d04       0x84 CMakeFiles/f407zgt6.elf.dir/Drivers/STM32F4xx_HAL_Driver/Src/stm32f4xx_hal_uart.c.obj
 .text.HAL_UART_Init
                0x08002d88       0x5e CMakeFiles/f407zgt6.elf.dir/Drivers/STM32F4xx_HAL_Driver/Src/stm32f4xx_hal_uart.c.obj
                0x08002d88                HAL_UART_Init
 .text.HAL_UART_Transmit
                0x08002de6       0xd8 CMakeFiles/f407zgt6.elf.dir/Drivers/STM32F4xx_HAL_Driver/Src/stm32f4xx_hal_uart.c.obj
                0x08002de6                HAL_UART_Transmit
 .text.HAL_UART_TxCpltCallback
                0x08002ebe        0x2 CMakeFiles/f407zgt6.elf.dir/Drivers/STM32F4xx_HAL_Driver/Src/stm32f4xx_hal_uart.c.obj
                0x08002ebe                HAL_UART_TxCpltCallback
 .text.UART_EndTransmit_IT
                0x08002ec0       0x1a CMakeFiles/f407zgt6.elf.dir/Drivers/STM32F4xx_HAL_Driver/Src/stm32f4xx_hal_uart.c.obj
 .text.HAL_UART_RxCpltCallback
                0x08002eda        0x2 CMakeFiles/f407zgt6.elf.dir/Drivers/STM32F4xx_HAL_Driver/Src/stm32f4xx_hal_uart.c.obj
                0x08002eda                HAL_UART_RxCpltCallback
 .text.HAL_UART_RxHalfCpltCallback
                0x08002edc        0x2 CMakeFiles/f407zgt6.elf.dir/Drivers/STM32F4xx_HAL_Driver/Src/stm32f4xx_hal_uart.c.obj
                0x08002edc                HAL_UART_RxHalfCpltCallback
 .text.HAL_UART_ErrorCallback
                0x08002ede        0x2 CMakeFiles/f407zgt6.elf.dir/Drivers/STM32F4xx_HAL_Driver/Src/stm32f4xx_hal_uart.c.obj
                0x08002ede                HAL_UART_ErrorCallback
 .text.UART_DMAError
                0x08002ee0       0x58 CMakeFiles/f407zgt6.elf.dir/Drivers/STM32F4xx_HAL_Driver/Src/stm32f4xx_hal_uart.c.obj
 .text.UART_DMAAbortOnError
                0x08002f38       0x10 CMakeFiles/f407zgt6.elf.dir/Drivers/STM32F4xx_HAL_Driver/Src/stm32f4xx_hal_uart.c.obj
 .text.HAL_UART_AbortReceive_IT
                0x08002f48       0xbc CMakeFiles/f407zgt6.elf.dir/Drivers/STM32F4xx_HAL_Driver/Src/stm32f4xx_hal_uart.c.obj
                0x08002f48                HAL_UART_AbortReceive_IT
 .text.UART_DMARxOnlyAbortCallback
                0x08003004       0x16 CMakeFiles/f407zgt6.elf.dir/Drivers/STM32F4xx_HAL_Driver/Src/stm32f4xx_hal_uart.c.obj
 .text.HAL_UARTEx_RxEventCallback
                0x0800301a        0x2 CMakeFiles/f407zgt6.elf.dir/Drivers/STM32F4xx_HAL_Driver/Src/stm32f4xx_hal_uart.c.obj
                0x0800301a                HAL_UARTEx_RxEventCallback
 .text.UART_Receive_IT
                0x0800301c       0xe2 CMakeFiles/f407zgt6.elf.dir/Drivers/STM32F4xx_HAL_Driver/Src/stm32f4xx_hal_uart.c.obj
 *fill*         0x080030fe        0x2 
 .text.HAL_UART_IRQHandler
                0x08003100      0x27c CMakeFiles/f407zgt6.elf.dir/Drivers/STM32F4xx_HAL_Driver/Src/stm32f4xx_hal_uart.c.obj
                0x08003100                HAL_UART_IRQHandler
 .text.UART_DMARxHalfCplt
                0x0800337c       0x1a CMakeFiles/f407zgt6.elf.dir/Drivers/STM32F4xx_HAL_Driver/Src/stm32f4xx_hal_uart.c.obj
 .text.UART_DMAReceiveCplt
                0x08003396       0x96 CMakeFiles/f407zgt6.elf.dir/Drivers/STM32F4xx_HAL_Driver/Src/stm32f4xx_hal_uart.c.obj
 .text.UART_Start_Receive_IT
                0x0800342c       0x3a CMakeFiles/f407zgt6.elf.dir/Drivers/STM32F4xx_HAL_Driver/Src/stm32f4xx_hal_uart.c.obj
                0x0800342c                UART_Start_Receive_IT
 .text.HAL_UART_Receive_IT
                0x08003466       0x38 CMakeFiles/f407zgt6.elf.dir/Drivers/STM32F4xx_HAL_Driver/Src/stm32f4xx_hal_uart.c.obj
                0x08003466                HAL_UART_Receive_IT
 *fill*         0x0800349e        0x2 
 .text.UART_Start_Receive_DMA
                0x080034a0       0xa8 CMakeFiles/f407zgt6.elf.dir/Drivers/STM32F4xx_HAL_Driver/Src/stm32f4xx_hal_uart.c.obj
                0x080034a0                UART_Start_Receive_DMA
 .text.HAL_UART_Receive_DMA
                0x08003548       0x38 CMakeFiles/f407zgt6.elf.dir/Drivers/STM32F4xx_HAL_Driver/Src/stm32f4xx_hal_uart.c.obj
                0x08003548                HAL_UART_Receive_DMA
 .text.FSMC_NORSRAM_Init
                0x08003580       0x6c CMakeFiles/f407zgt6.elf.dir/Drivers/STM32F4xx_HAL_Driver/Src/stm32f4xx_ll_fsmc.c.obj
                0x08003580                FSMC_NORSRAM_Init
 .text.FSMC_NORSRAM_Timing_Init
                0x080035ec       0x44 CMakeFiles/f407zgt6.elf.dir/Drivers/STM32F4xx_HAL_Driver/Src/stm32f4xx_ll_fsmc.c.obj
                0x080035ec                FSMC_NORSRAM_Timing_Init
 .text.FSMC_NORSRAM_Extended_Timing_Init
                0x08003630       0x44 CMakeFiles/f407zgt6.elf.dir/Drivers/STM32F4xx_HAL_Driver/Src/stm32f4xx_ll_fsmc.c.obj
                0x08003630                FSMC_NORSRAM_Extended_Timing_Init
 .text.lv_scr_act
                0x08003674        0xc CMakeFiles/f407zgt6.elf.dir/LVGL/demos/music/lv_demo_music.c.obj
 .text.lv_demo_music
                0x08003680       0x34 CMakeFiles/f407zgt6.elf.dir/LVGL/demos/music/lv_demo_music.c.obj
                0x08003680                lv_demo_music
 .text._lv_demo_music_get_title
                0x080036b4       0x14 CMakeFiles/f407zgt6.elf.dir/LVGL/demos/music/lv_demo_music.c.obj
                0x080036b4                _lv_demo_music_get_title
 .text._lv_demo_music_get_artist
                0x080036c8       0x14 CMakeFiles/f407zgt6.elf.dir/LVGL/demos/music/lv_demo_music.c.obj
                0x080036c8                _lv_demo_music_get_artist
 .text._lv_demo_music_get_genre
                0x080036dc       0x14 CMakeFiles/f407zgt6.elf.dir/LVGL/demos/music/lv_demo_music.c.obj
                0x080036dc                _lv_demo_music_get_genre
 .text._lv_demo_music_get_track_length
                0x080036f0       0x14 CMakeFiles/f407zgt6.elf.dir/LVGL/demos/music/lv_demo_music.c.obj
                0x080036f0                _lv_demo_music_get_track_length
 .text.add_list_btn
                0x08003704      0x1b0 CMakeFiles/f407zgt6.elf.dir/LVGL/demos/music/lv_demo_music_list.c.obj
 .text.btn_click_event_cb
                0x080038b4       0x10 CMakeFiles/f407zgt6.elf.dir/LVGL/demos/music/lv_demo_music_list.c.obj
 .text._lv_demo_music_list_btn_check
                0x080038c4       0x54 CMakeFiles/f407zgt6.elf.dir/LVGL/demos/music/lv_demo_music_list.c.obj
                0x080038c4                _lv_demo_music_list_btn_check
 .text._lv_demo_music_list_create
                0x08003918      0x1ec CMakeFiles/f407zgt6.elf.dir/LVGL/demos/music/lv_demo_music_list.c.obj
                0x08003918                _lv_demo_music_list_create
 .text.lv_color_mix
                0x08003b04       0x30 CMakeFiles/f407zgt6.elf.dir/LVGL/demos/music/lv_demo_music_main.c.obj
 .text._img_set_zoom_anim_cb
                0x08003b34        0xa CMakeFiles/f407zgt6.elf.dir/LVGL/demos/music/lv_demo_music_main.c.obj
 *fill*         0x08003b3e        0x2 
 .text.start_anim_cb
                0x08003b40       0x14 CMakeFiles/f407zgt6.elf.dir/LVGL/demos/music/lv_demo_music_main.c.obj
 .text.spectrum_anim_cb
                0x08003b54       0x94 CMakeFiles/f407zgt6.elf.dir/LVGL/demos/music/lv_demo_music_main.c.obj
 .text.stop_start_anim
                0x08003be8       0x1c CMakeFiles/f407zgt6.elf.dir/LVGL/demos/music/lv_demo_music_main.c.obj
 .text.timer_cb
                0x08003c04       0x48 CMakeFiles/f407zgt6.elf.dir/LVGL/demos/music/lv_demo_music_main.c.obj
 .text.lv_obj_set_style_pad_all
                0x08003c4c       0x2c CMakeFiles/f407zgt6.elf.dir/LVGL/demos/music/lv_demo_music_main.c.obj
 .text.create_cont
                0x08003c78      0x12c CMakeFiles/f407zgt6.elf.dir/LVGL/demos/music/lv_demo_music_main.c.obj
 .text.create_wave_images
                0x08003da4       0xc4 CMakeFiles/f407zgt6.elf.dir/LVGL/demos/music/lv_demo_music_main.c.obj
 .text.create_icon_box
                0x08003e68       0x78 CMakeFiles/f407zgt6.elf.dir/LVGL/demos/music/lv_demo_music_main.c.obj
 .text.create_title_box
                0x08003ee0      0x108 CMakeFiles/f407zgt6.elf.dir/LVGL/demos/music/lv_demo_music_main.c.obj
 .text.create_ctrl_box
                0x08003fe8      0x250 CMakeFiles/f407zgt6.elf.dir/LVGL/demos/music/lv_demo_music_main.c.obj
 .text.get_cos  0x08004238       0x18 CMakeFiles/f407zgt6.elf.dir/LVGL/demos/music/lv_demo_music_main.c.obj
 .text.get_sin  0x08004250       0x16 CMakeFiles/f407zgt6.elf.dir/LVGL/demos/music/lv_demo_music_main.c.obj
 *fill*         0x08004266        0x2 
 .text.spectrum_draw_event_cb
                0x08004268      0x3a4 CMakeFiles/f407zgt6.elf.dir/LVGL/demos/music/lv_demo_music_main.c.obj
 .text.album_img_create
                0x0800460c       0xb4 CMakeFiles/f407zgt6.elf.dir/LVGL/demos/music/lv_demo_music_main.c.obj
 .text.create_spectrum_obj
                0x080046c0       0x4c CMakeFiles/f407zgt6.elf.dir/LVGL/demos/music/lv_demo_music_main.c.obj
 .text.create_handle
                0x0800470c       0x98 CMakeFiles/f407zgt6.elf.dir/LVGL/demos/music/lv_demo_music_main.c.obj
 .text.lv_obj_move_foreground
                0x080047a4       0x16 CMakeFiles/f407zgt6.elf.dir/LVGL/demos/music/lv_demo_music_main.c.obj
 .text.lv_scr_act
                0x080047ba        0xc CMakeFiles/f407zgt6.elf.dir/LVGL/demos/music/lv_demo_music_main.c.obj
 *fill*         0x080047c6        0x2 
 .text.track_load
                0x080047c8      0x1b4 CMakeFiles/f407zgt6.elf.dir/LVGL/demos/music/lv_demo_music_main.c.obj
 .text._obj_set_x_anim_cb
                0x0800497c        0xa CMakeFiles/f407zgt6.elf.dir/LVGL/demos/music/lv_demo_music_main.c.obj
 *fill*         0x08004986        0x2 
 .text._lv_demo_music_main_create
                0x08004988      0x2f8 CMakeFiles/f407zgt6.elf.dir/LVGL/demos/music/lv_demo_music_main.c.obj
                0x08004988                _lv_demo_music_main_create
 .text._lv_demo_music_resume
                0x08004c80       0xb0 CMakeFiles/f407zgt6.elf.dir/LVGL/demos/music/lv_demo_music_main.c.obj
                0x08004c80                _lv_demo_music_resume
 .text._lv_demo_music_play
                0x08004d30        0xc CMakeFiles/f407zgt6.elf.dir/LVGL/demos/music/lv_demo_music_main.c.obj
                0x08004d30                _lv_demo_music_play
 .text._lv_demo_music_album_next
                0x08004d3c       0x38 CMakeFiles/f407zgt6.elf.dir/LVGL/demos/music/lv_demo_music_main.c.obj
                0x08004d3c                _lv_demo_music_album_next
 .text.next_click_event_cb
                0x08004d74       0x14 CMakeFiles/f407zgt6.elf.dir/LVGL/demos/music/lv_demo_music_main.c.obj
 .text.prev_click_event_cb
                0x08004d88        0xa CMakeFiles/f407zgt6.elf.dir/LVGL/demos/music/lv_demo_music_main.c.obj
 .text.album_gesture_event_cb
                0x08004d92       0x26 CMakeFiles/f407zgt6.elf.dir/LVGL/demos/music/lv_demo_music_main.c.obj
 .text.spectrum_end_cb
                0x08004db8        0xa CMakeFiles/f407zgt6.elf.dir/LVGL/demos/music/lv_demo_music_main.c.obj
 *fill*         0x08004dc2        0x2 
 .text._lv_demo_music_pause
                0x08004dc4       0x64 CMakeFiles/f407zgt6.elf.dir/LVGL/demos/music/lv_demo_music_main.c.obj
                0x08004dc4                _lv_demo_music_pause
 .text.play_event_click_cb
                0x08004e28       0x1a CMakeFiles/f407zgt6.elf.dir/LVGL/demos/music/lv_demo_music_main.c.obj
 .text.disp_flush
                0x08004e42       0x32 CMakeFiles/f407zgt6.elf.dir/LVGL/porting/lv_port_disp.c.obj
 .text.disp_init
                0x08004e74        0x8 CMakeFiles/f407zgt6.elf.dir/LVGL/porting/lv_port_disp.c.obj
 .text.lv_port_disp_init
                0x08004e7c       0x48 CMakeFiles/f407zgt6.elf.dir/LVGL/porting/lv_port_disp.c.obj
                0x08004e7c                lv_port_disp_init
 .text.touchpad_read
                0x08004ec4       0x48 CMakeFiles/f407zgt6.elf.dir/LVGL/porting/lv_port_indev.c.obj
 .text.touchpad_init
                0x08004f0c       0x24 CMakeFiles/f407zgt6.elf.dir/LVGL/porting/lv_port_indev.c.obj
 .text.lv_port_indev_init
                0x08004f30       0x30 CMakeFiles/f407zgt6.elf.dir/LVGL/porting/lv_port_indev.c.obj
                0x08004f30                lv_port_indev_init
 .text.lv_disp_get_scr_act
                0x08004f60       0x16 CMakeFiles/f407zgt6.elf.dir/LVGL/src/core/lv_disp.c.obj
                0x08004f60                lv_disp_get_scr_act
 .text.lv_disp_get_scr_prev
                0x08004f76       0x16 CMakeFiles/f407zgt6.elf.dir/LVGL/src/core/lv_disp.c.obj
                0x08004f76                lv_disp_get_scr_prev
 .text.lv_disp_get_layer_top
                0x08004f8c       0x16 CMakeFiles/f407zgt6.elf.dir/LVGL/src/core/lv_disp.c.obj
                0x08004f8c                lv_disp_get_layer_top
 .text.lv_disp_get_layer_sys
                0x08004fa2       0x16 CMakeFiles/f407zgt6.elf.dir/LVGL/src/core/lv_disp.c.obj
                0x08004fa2                lv_disp_get_layer_sys
 .text.lv_disp_get_theme
                0x08004fb8       0x12 CMakeFiles/f407zgt6.elf.dir/LVGL/src/core/lv_disp.c.obj
                0x08004fb8                lv_disp_get_theme
 .text.lv_obj_get_event_dsc
                0x08004fca       0x1a CMakeFiles/f407zgt6.elf.dir/LVGL/src/core/lv_event.c.obj
 .text.event_is_bubbled
                0x08004fe4       0x54 CMakeFiles/f407zgt6.elf.dir/LVGL/src/core/lv_event.c.obj
 .text.lv_obj_event_base
                0x08005038       0x42 CMakeFiles/f407zgt6.elf.dir/LVGL/src/core/lv_event.c.obj
                0x08005038                lv_obj_event_base
 .text.event_send_core
                0x0800507a      0x112 CMakeFiles/f407zgt6.elf.dir/LVGL/src/core/lv_event.c.obj
 .text.lv_event_send
                0x0800518c       0x54 CMakeFiles/f407zgt6.elf.dir/LVGL/src/core/lv_event.c.obj
                0x0800518c                lv_event_send
 .text.lv_event_get_target
                0x080051e0        0x4 CMakeFiles/f407zgt6.elf.dir/LVGL/src/core/lv_event.c.obj
                0x080051e0                lv_event_get_target
 .text.lv_event_get_current_target
                0x080051e4        0x4 CMakeFiles/f407zgt6.elf.dir/LVGL/src/core/lv_event.c.obj
                0x080051e4                lv_event_get_current_target
 .text.lv_event_get_code
                0x080051e8        0x8 CMakeFiles/f407zgt6.elf.dir/LVGL/src/core/lv_event.c.obj
                0x080051e8                lv_event_get_code
 .text.lv_event_get_param
                0x080051f0        0x4 CMakeFiles/f407zgt6.elf.dir/LVGL/src/core/lv_event.c.obj
                0x080051f0                lv_event_get_param
 .text.lv_event_get_user_data
                0x080051f4        0x4 CMakeFiles/f407zgt6.elf.dir/LVGL/src/core/lv_event.c.obj
                0x080051f4                lv_event_get_user_data
 .text._lv_event_mark_deleted
                0x080051f8       0x28 CMakeFiles/f407zgt6.elf.dir/LVGL/src/core/lv_event.c.obj
                0x080051f8                _lv_event_mark_deleted
 .text.lv_obj_add_event_cb
                0x08005220       0x7e CMakeFiles/f407zgt6.elf.dir/LVGL/src/core/lv_event.c.obj
                0x08005220                lv_obj_add_event_cb
 .text.lv_event_get_indev
                0x0800529e       0x16 CMakeFiles/f407zgt6.elf.dir/LVGL/src/core/lv_event.c.obj
                0x0800529e                lv_event_get_indev
 .text.lv_event_get_draw_ctx
                0x080052b4       0x24 CMakeFiles/f407zgt6.elf.dir/LVGL/src/core/lv_event.c.obj
                0x080052b4                lv_event_get_draw_ctx
 .text.lv_event_set_ext_draw_size
                0x080052d8       0x1e CMakeFiles/f407zgt6.elf.dir/LVGL/src/core/lv_event.c.obj
                0x080052d8                lv_event_set_ext_draw_size
 .text.lv_event_get_self_size_info
                0x080052f6       0x12 CMakeFiles/f407zgt6.elf.dir/LVGL/src/core/lv_event.c.obj
                0x080052f6                lv_event_get_self_size_info
 .text.lv_event_set_cover_res
                0x08005308       0x1a CMakeFiles/f407zgt6.elf.dir/LVGL/src/core/lv_event.c.obj
                0x08005308                lv_event_set_cover_res
 .text.get_indev
                0x08005322       0x52 CMakeFiles/f407zgt6.elf.dir/LVGL/src/core/lv_group.c.obj
 .text.focus_next_core
                0x08005374       0xde CMakeFiles/f407zgt6.elf.dir/LVGL/src/core/lv_group.c.obj
 *fill*         0x08005452        0x2 
 .text._lv_group_init
                0x08005454       0x10 CMakeFiles/f407zgt6.elf.dir/LVGL/src/core/lv_group.c.obj
                0x08005454                _lv_group_init
 .text.lv_group_get_default
                0x08005464        0xc CMakeFiles/f407zgt6.elf.dir/LVGL/src/core/lv_group.c.obj
                0x08005464                lv_group_get_default
 .text.lv_group_focus_next
                0x08005470       0x14 CMakeFiles/f407zgt6.elf.dir/LVGL/src/core/lv_group.c.obj
                0x08005470                lv_group_focus_next
 .text.lv_group_focus_prev
                0x08005484       0x14 CMakeFiles/f407zgt6.elf.dir/LVGL/src/core/lv_group.c.obj
                0x08005484                lv_group_focus_prev
 .text.lv_group_refocus
                0x08005498       0x2c CMakeFiles/f407zgt6.elf.dir/LVGL/src/core/lv_group.c.obj
 .text.lv_group_add_obj
                0x080054c4       0x70 CMakeFiles/f407zgt6.elf.dir/LVGL/src/core/lv_group.c.obj
                0x080054c4                lv_group_add_obj
 .text.lv_group_remove_obj
                0x08005534       0xa2 CMakeFiles/f407zgt6.elf.dir/LVGL/src/core/lv_group.c.obj
                0x08005534                lv_group_remove_obj
 .text.lv_group_get_focused
                0x080055d6        0xc CMakeFiles/f407zgt6.elf.dir/LVGL/src/core/lv_group.c.obj
                0x080055d6                lv_group_get_focused
 .text.lv_group_send_data
                0x080055e2       0x1e CMakeFiles/f407zgt6.elf.dir/LVGL/src/core/lv_group.c.obj
                0x080055e2                lv_group_send_data
 .text.lv_group_set_editing
                0x08005600       0x44 CMakeFiles/f407zgt6.elf.dir/LVGL/src/core/lv_group.c.obj
                0x08005600                lv_group_set_editing
 .text.lv_group_focus_obj
                0x08005644       0x92 CMakeFiles/f407zgt6.elf.dir/LVGL/src/core/lv_group.c.obj
                0x08005644                lv_group_focus_obj
 .text.lv_group_get_editing
                0x080056d6        0xe CMakeFiles/f407zgt6.elf.dir/LVGL/src/core/lv_group.c.obj
                0x080056d6                lv_group_get_editing
 .text.lv_group_get_obj_count
                0x080056e4        0x8 CMakeFiles/f407zgt6.elf.dir/LVGL/src/core/lv_group.c.obj
                0x080056e4                lv_group_get_obj_count
 .text.indev_proc_reset_query_handler
                0x080056ec       0x48 CMakeFiles/f407zgt6.elf.dir/LVGL/src/core/lv_indev.c.obj
 .text.indev_reset_check
                0x08005734       0x18 CMakeFiles/f407zgt6.elf.dir/LVGL/src/core/lv_indev.c.obj
 .text.indev_proc_release
                0x0800574c       0x98 CMakeFiles/f407zgt6.elf.dir/LVGL/src/core/lv_indev.c.obj
 .text.indev_click_focus
                0x080057e4      0x108 CMakeFiles/f407zgt6.elf.dir/LVGL/src/core/lv_indev.c.obj
 .text.indev_gesture
                0x080058ec      0x114 CMakeFiles/f407zgt6.elf.dir/LVGL/src/core/lv_indev.c.obj
 .text.indev_keypad_proc
                0x08005a00      0x280 CMakeFiles/f407zgt6.elf.dir/LVGL/src/core/lv_indev.c.obj
 .text.indev_encoder_proc
                0x08005c80      0x3f0 CMakeFiles/f407zgt6.elf.dir/LVGL/src/core/lv_indev.c.obj
 .text.lv_indev_get_act
                0x08006070        0xc CMakeFiles/f407zgt6.elf.dir/LVGL/src/core/lv_indev.c.obj
                0x08006070                lv_indev_get_act
 .text.lv_indev_get_type
                0x0800607c        0xc CMakeFiles/f407zgt6.elf.dir/LVGL/src/core/lv_indev.c.obj
                0x0800607c                lv_indev_get_type
 .text.lv_indev_reset
                0x08006088       0xbc CMakeFiles/f407zgt6.elf.dir/LVGL/src/core/lv_indev.c.obj
                0x08006088                lv_indev_reset
 .text.lv_indev_reset_long_press
                0x08006144       0x1a CMakeFiles/f407zgt6.elf.dir/LVGL/src/core/lv_indev.c.obj
                0x08006144                lv_indev_reset_long_press
 .text.lv_indev_get_point
                0x0800615e       0x30 CMakeFiles/f407zgt6.elf.dir/LVGL/src/core/lv_indev.c.obj
                0x0800615e                lv_indev_get_point
 .text.lv_indev_get_gesture_dir
                0x0800618e        0x8 CMakeFiles/f407zgt6.elf.dir/LVGL/src/core/lv_indev.c.obj
                0x0800618e                lv_indev_get_gesture_dir
 .text.lv_indev_get_scroll_dir
                0x08006196       0x22 CMakeFiles/f407zgt6.elf.dir/LVGL/src/core/lv_indev.c.obj
                0x08006196                lv_indev_get_scroll_dir
 .text.lv_indev_get_scroll_obj
                0x080061b8       0x1a CMakeFiles/f407zgt6.elf.dir/LVGL/src/core/lv_indev.c.obj
                0x080061b8                lv_indev_get_scroll_obj
 .text.lv_indev_get_vect
                0x080061d2       0x24 CMakeFiles/f407zgt6.elf.dir/LVGL/src/core/lv_indev.c.obj
                0x080061d2                lv_indev_get_vect
 .text.lv_indev_wait_release
                0x080061f6        0xc CMakeFiles/f407zgt6.elf.dir/LVGL/src/core/lv_indev.c.obj
                0x080061f6                lv_indev_wait_release
 *fill*         0x08006202        0x2 
 .text.lv_indev_get_obj_act
                0x08006204        0xc CMakeFiles/f407zgt6.elf.dir/LVGL/src/core/lv_indev.c.obj
                0x08006204                lv_indev_get_obj_act
 .text.lv_indev_search_obj
                0x08006210       0x64 CMakeFiles/f407zgt6.elf.dir/LVGL/src/core/lv_indev.c.obj
                0x08006210                lv_indev_search_obj
 .text.indev_proc_press
                0x08006274      0x28c CMakeFiles/f407zgt6.elf.dir/LVGL/src/core/lv_indev.c.obj
 .text.indev_pointer_proc
                0x08006500       0xbe CMakeFiles/f407zgt6.elf.dir/LVGL/src/core/lv_indev.c.obj
 .text.indev_button_proc
                0x080065be       0x76 CMakeFiles/f407zgt6.elf.dir/LVGL/src/core/lv_indev.c.obj
 .text.lv_indev_read_timer_cb
                0x08006634       0xd8 CMakeFiles/f407zgt6.elf.dir/LVGL/src/core/lv_indev.c.obj
                0x08006634                lv_indev_read_timer_cb
 .text.scroll_limit_diff
                0x0800670c       0x88 CMakeFiles/f407zgt6.elf.dir/LVGL/src/core/lv_indev_scroll.c.obj
 .text.scroll_throw_predict_y
                0x08006794       0x38 CMakeFiles/f407zgt6.elf.dir/LVGL/src/core/lv_indev_scroll.c.obj
 .text.scroll_throw_predict_x
                0x080067cc       0x38 CMakeFiles/f407zgt6.elf.dir/LVGL/src/core/lv_indev_scroll.c.obj
 .text.find_scroll_obj
                0x08006804      0x222 CMakeFiles/f407zgt6.elf.dir/LVGL/src/core/lv_indev_scroll.c.obj
 *fill*         0x08006a26        0x2 
 .text.find_snap_point_y
                0x08006a28      0x12c CMakeFiles/f407zgt6.elf.dir/LVGL/src/core/lv_indev_scroll.c.obj
 .text.find_snap_point_x
                0x08006b54      0x12c CMakeFiles/f407zgt6.elf.dir/LVGL/src/core/lv_indev_scroll.c.obj
 .text.init_scroll_limits
                0x08006c80      0x1a8 CMakeFiles/f407zgt6.elf.dir/LVGL/src/core/lv_indev_scroll.c.obj
 .text.elastic_diff
                0x08006e28      0x1e2 CMakeFiles/f407zgt6.elf.dir/LVGL/src/core/lv_indev_scroll.c.obj
 .text._lv_indev_scroll_handler
                0x0800700a      0x134 CMakeFiles/f407zgt6.elf.dir/LVGL/src/core/lv_indev_scroll.c.obj
                0x0800700a                _lv_indev_scroll_handler
 *fill*         0x0800713e        0x2 
 .text._lv_indev_scroll_throw_handler
                0x08007140      0x240 CMakeFiles/f407zgt6.elf.dir/LVGL/src/core/lv_indev_scroll.c.obj
                0x08007140                _lv_indev_scroll_throw_handler
 .text.lv_indev_scroll_throw_predict
                0x08007380       0x4c CMakeFiles/f407zgt6.elf.dir/LVGL/src/core/lv_indev_scroll.c.obj
                0x08007380                lv_indev_scroll_throw_predict
 .text.lv_style_get_prop_inlined
                0x080073cc       0x6e CMakeFiles/f407zgt6.elf.dir/LVGL/src/core/lv_obj.c.obj
 .text.scrollbar_init_draw_dsc
                0x0800743a      0x11a CMakeFiles/f407zgt6.elf.dir/LVGL/src/core/lv_obj.c.obj
 .text.draw_scrollbar
                0x08007554       0xac CMakeFiles/f407zgt6.elf.dir/LVGL/src/core/lv_obj.c.obj
 .text.lv_obj_draw
                0x08007600      0x350 CMakeFiles/f407zgt6.elf.dir/LVGL/src/core/lv_obj.c.obj
 .text.lv_obj_constructor
                0x08007950       0xa4 CMakeFiles/f407zgt6.elf.dir/LVGL/src/core/lv_obj.c.obj
 .text.lv_obj_set_state
                0x080079f4      0x1e0 CMakeFiles/f407zgt6.elf.dir/LVGL/src/core/lv_obj.c.obj
 .text.lv_init  0x08007bd4       0x58 CMakeFiles/f407zgt6.elf.dir/LVGL/src/core/lv_obj.c.obj
                0x08007bd4                lv_init
 .text.lv_obj_create
                0x08007c2c       0x18 CMakeFiles/f407zgt6.elf.dir/LVGL/src/core/lv_obj.c.obj
                0x08007c2c                lv_obj_create
 .text.lv_obj_add_flag
                0x08007c44       0x72 CMakeFiles/f407zgt6.elf.dir/LVGL/src/core/lv_obj.c.obj
                0x08007c44                lv_obj_add_flag
 .text.lv_obj_clear_flag
                0x08007cb6       0x7e CMakeFiles/f407zgt6.elf.dir/LVGL/src/core/lv_obj.c.obj
                0x08007cb6                lv_obj_clear_flag
 .text.lv_obj_add_state
                0x08007d34       0x18 CMakeFiles/f407zgt6.elf.dir/LVGL/src/core/lv_obj.c.obj
                0x08007d34                lv_obj_add_state
 .text.lv_obj_clear_state
                0x08007d4c       0x18 CMakeFiles/f407zgt6.elf.dir/LVGL/src/core/lv_obj.c.obj
                0x08007d4c                lv_obj_clear_state
 .text.lv_obj_has_flag
                0x08007d64        0xc CMakeFiles/f407zgt6.elf.dir/LVGL/src/core/lv_obj.c.obj
                0x08007d64                lv_obj_has_flag
 .text.lv_obj_has_flag_any
                0x08007d70        0xc CMakeFiles/f407zgt6.elf.dir/LVGL/src/core/lv_obj.c.obj
                0x08007d70                lv_obj_has_flag_any
 .text.lv_obj_get_state
                0x08007d7c        0x4 CMakeFiles/f407zgt6.elf.dir/LVGL/src/core/lv_obj.c.obj
                0x08007d7c                lv_obj_get_state
 .text.lv_obj_has_state
                0x08007d80        0xc CMakeFiles/f407zgt6.elf.dir/LVGL/src/core/lv_obj.c.obj
                0x08007d80                lv_obj_has_state
 .text.lv_obj_get_group
                0x08007d8c        0x8 CMakeFiles/f407zgt6.elf.dir/LVGL/src/core/lv_obj.c.obj
                0x08007d8c                lv_obj_get_group
 .text.lv_obj_event
                0x08007d94      0x3dc CMakeFiles/f407zgt6.elf.dir/LVGL/src/core/lv_obj.c.obj
 .text.lv_obj_destructor
                0x08008170       0x68 CMakeFiles/f407zgt6.elf.dir/LVGL/src/core/lv_obj.c.obj
 .text.lv_obj_allocate_spec_attr
                0x080081d8       0x40 CMakeFiles/f407zgt6.elf.dir/LVGL/src/core/lv_obj.c.obj
                0x080081d8                lv_obj_allocate_spec_attr
 .text.lv_obj_check_type
                0x08008218       0x12 CMakeFiles/f407zgt6.elf.dir/LVGL/src/core/lv_obj.c.obj
                0x08008218                lv_obj_check_type
 .text.lv_obj_construct
                0x0800822a       0x1e CMakeFiles/f407zgt6.elf.dir/LVGL/src/core/lv_obj_class.c.obj
 .text.get_instance_size
                0x08008248       0x24 CMakeFiles/f407zgt6.elf.dir/LVGL/src/core/lv_obj_class.c.obj
 .text.lv_obj_class_create_obj
                0x0800826c       0xd0 CMakeFiles/f407zgt6.elf.dir/LVGL/src/core/lv_obj_class.c.obj
                0x0800826c                lv_obj_class_create_obj
 .text._lv_obj_destruct
                0x0800833c       0x1e CMakeFiles/f407zgt6.elf.dir/LVGL/src/core/lv_obj_class.c.obj
                0x0800833c                _lv_obj_destruct
 .text.lv_obj_is_editable
                0x0800835a       0x26 CMakeFiles/f407zgt6.elf.dir/LVGL/src/core/lv_obj_class.c.obj
                0x0800835a                lv_obj_is_editable
 .text.lv_obj_is_group_def
                0x08008380       0x26 CMakeFiles/f407zgt6.elf.dir/LVGL/src/core/lv_obj_class.c.obj
                0x08008380                lv_obj_is_group_def
 .text.lv_obj_class_init_obj
                0x080083a6       0x72 CMakeFiles/f407zgt6.elf.dir/LVGL/src/core/lv_obj_class.c.obj
                0x080083a6                lv_obj_class_init_obj
 .text.lv_obj_init_draw_rect_dsc
                0x08008418      0x30a CMakeFiles/f407zgt6.elf.dir/LVGL/src/core/lv_obj_draw.c.obj
                0x08008418                lv_obj_init_draw_rect_dsc
 .text.lv_obj_init_draw_label_dsc
                0x08008722       0xaa CMakeFiles/f407zgt6.elf.dir/LVGL/src/core/lv_obj_draw.c.obj
                0x08008722                lv_obj_init_draw_label_dsc
 .text.lv_obj_init_draw_img_dsc
                0x080087cc       0xa4 CMakeFiles/f407zgt6.elf.dir/LVGL/src/core/lv_obj_draw.c.obj
                0x080087cc                lv_obj_init_draw_img_dsc
 .text.lv_obj_init_draw_line_dsc
                0x08008870       0xac CMakeFiles/f407zgt6.elf.dir/LVGL/src/core/lv_obj_draw.c.obj
                0x08008870                lv_obj_init_draw_line_dsc
 .text.lv_obj_init_draw_arc_dsc
                0x0800891c       0x92 CMakeFiles/f407zgt6.elf.dir/LVGL/src/core/lv_obj_draw.c.obj
                0x0800891c                lv_obj_init_draw_arc_dsc
 .text.lv_obj_calculate_ext_draw_size
                0x080089ae       0xec CMakeFiles/f407zgt6.elf.dir/LVGL/src/core/lv_obj_draw.c.obj
                0x080089ae                lv_obj_calculate_ext_draw_size
 .text.lv_obj_draw_dsc_init
                0x08008a9a       0x10 CMakeFiles/f407zgt6.elf.dir/LVGL/src/core/lv_obj_draw.c.obj
                0x08008a9a                lv_obj_draw_dsc_init
 .text._lv_obj_get_ext_draw_size
                0x08008aaa        0xe CMakeFiles/f407zgt6.elf.dir/LVGL/src/core/lv_obj_draw.c.obj
                0x08008aaa                _lv_obj_get_ext_draw_size
 .text.lv_obj_refresh_ext_draw_size
                0x08008ab8       0x64 CMakeFiles/f407zgt6.elf.dir/LVGL/src/core/lv_obj_draw.c.obj
                0x08008ab8                lv_obj_refresh_ext_draw_size
 .text.lv_obj_set_x
                0x08008b1c       0x30 CMakeFiles/f407zgt6.elf.dir/LVGL/src/core/lv_obj_pos.c.obj
                0x08008b1c                lv_obj_set_x
 .text.lv_obj_set_y
                0x08008b4c       0x30 CMakeFiles/f407zgt6.elf.dir/LVGL/src/core/lv_obj_pos.c.obj
                0x08008b4c                lv_obj_set_y
 .text.lv_obj_set_pos
                0x08008b7c       0x14 CMakeFiles/f407zgt6.elf.dir/LVGL/src/core/lv_obj_pos.c.obj
                0x08008b7c                lv_obj_set_pos
 .text.lv_obj_set_width
                0x08008b90       0x30 CMakeFiles/f407zgt6.elf.dir/LVGL/src/core/lv_obj_pos.c.obj
                0x08008b90                lv_obj_set_width
 .text.lv_obj_set_height
                0x08008bc0       0x30 CMakeFiles/f407zgt6.elf.dir/LVGL/src/core/lv_obj_pos.c.obj
                0x08008bc0                lv_obj_set_height
 .text.lv_obj_set_size
                0x08008bf0       0x14 CMakeFiles/f407zgt6.elf.dir/LVGL/src/core/lv_obj_pos.c.obj
                0x08008bf0                lv_obj_set_size
 .text.lv_obj_is_layout_positioned
                0x08008c04       0x38 CMakeFiles/f407zgt6.elf.dir/LVGL/src/core/lv_obj_pos.c.obj
                0x08008c04                lv_obj_is_layout_positioned
 .text.lv_obj_mark_layout_as_dirty
                0x08008c3c       0x2c CMakeFiles/f407zgt6.elf.dir/LVGL/src/core/lv_obj_pos.c.obj
                0x08008c3c                lv_obj_mark_layout_as_dirty
 .text.lv_obj_set_layout
                0x08008c68       0x14 CMakeFiles/f407zgt6.elf.dir/LVGL/src/core/lv_obj_pos.c.obj
                0x08008c68                lv_obj_set_layout
 .text.lv_layout_register
                0x08008c7c       0x44 CMakeFiles/f407zgt6.elf.dir/LVGL/src/core/lv_obj_pos.c.obj
                0x08008c7c                lv_layout_register
 .text.lv_obj_align
                0x08008cc0       0x1a CMakeFiles/f407zgt6.elf.dir/LVGL/src/core/lv_obj_pos.c.obj
                0x08008cc0                lv_obj_align
 .text.lv_obj_get_coords
                0x08008cda       0x1a CMakeFiles/f407zgt6.elf.dir/LVGL/src/core/lv_obj_pos.c.obj
                0x08008cda                lv_obj_get_coords
 .text.lv_obj_get_x
                0x08008cf4       0x4a CMakeFiles/f407zgt6.elf.dir/LVGL/src/core/lv_obj_pos.c.obj
                0x08008cf4                lv_obj_get_x
 .text.lv_obj_get_y
                0x08008d3e       0x4a CMakeFiles/f407zgt6.elf.dir/LVGL/src/core/lv_obj_pos.c.obj
                0x08008d3e                lv_obj_get_y
 .text.lv_obj_get_width
                0x08008d88        0xe CMakeFiles/f407zgt6.elf.dir/LVGL/src/core/lv_obj_pos.c.obj
                0x08008d88                lv_obj_get_width
 .text.lv_obj_get_height
                0x08008d96        0xe CMakeFiles/f407zgt6.elf.dir/LVGL/src/core/lv_obj_pos.c.obj
                0x08008d96                lv_obj_get_height
 .text.lv_obj_get_y2
                0x08008da4       0x18 CMakeFiles/f407zgt6.elf.dir/LVGL/src/core/lv_obj_pos.c.obj
                0x08008da4                lv_obj_get_y2
 .text.lv_obj_get_content_width
                0x08008dbc       0x46 CMakeFiles/f407zgt6.elf.dir/LVGL/src/core/lv_obj_pos.c.obj
                0x08008dbc                lv_obj_get_content_width
 .text.lv_obj_get_content_height
                0x08008e02       0x46 CMakeFiles/f407zgt6.elf.dir/LVGL/src/core/lv_obj_pos.c.obj
                0x08008e02                lv_obj_get_content_height
 .text.lv_obj_get_content_coords
                0x08008e48       0x78 CMakeFiles/f407zgt6.elf.dir/LVGL/src/core/lv_obj_pos.c.obj
                0x08008e48                lv_obj_get_content_coords
 .text.lv_obj_get_self_width
                0x08008ec0       0x24 CMakeFiles/f407zgt6.elf.dir/LVGL/src/core/lv_obj_pos.c.obj
                0x08008ec0                lv_obj_get_self_width
 .text.calc_content_width
                0x08008ee4      0x200 CMakeFiles/f407zgt6.elf.dir/LVGL/src/core/lv_obj_pos.c.obj
 .text.lv_obj_get_self_height
                0x080090e4       0x24 CMakeFiles/f407zgt6.elf.dir/LVGL/src/core/lv_obj_pos.c.obj
                0x080090e4                lv_obj_get_self_height
 .text.calc_content_height
                0x08009108      0x124 CMakeFiles/f407zgt6.elf.dir/LVGL/src/core/lv_obj_pos.c.obj
 .text.lv_obj_refresh_self_size
                0x0800922c       0x38 CMakeFiles/f407zgt6.elf.dir/LVGL/src/core/lv_obj_pos.c.obj
                0x0800922c                lv_obj_refresh_self_size
 .text.lv_obj_move_children_by
                0x08009264       0x68 CMakeFiles/f407zgt6.elf.dir/LVGL/src/core/lv_obj_pos.c.obj
                0x08009264                lv_obj_move_children_by
 .text.lv_obj_area_is_visible
                0x080092cc       0xfc CMakeFiles/f407zgt6.elf.dir/LVGL/src/core/lv_obj_pos.c.obj
                0x080092cc                lv_obj_area_is_visible
 .text.lv_obj_invalidate_area
                0x080093c8       0x40 CMakeFiles/f407zgt6.elf.dir/LVGL/src/core/lv_obj_pos.c.obj
                0x080093c8                lv_obj_invalidate_area
 .text.lv_obj_invalidate
                0x08009408       0x7a CMakeFiles/f407zgt6.elf.dir/LVGL/src/core/lv_obj_pos.c.obj
                0x08009408                lv_obj_invalidate
 .text.lv_obj_move_to
                0x08009482      0x150 CMakeFiles/f407zgt6.elf.dir/LVGL/src/core/lv_obj_pos.c.obj
                0x08009482                lv_obj_move_to
 *fill*         0x080095d2        0x2 
 .text.lv_obj_refr_pos
                0x080095d4      0x2b4 CMakeFiles/f407zgt6.elf.dir/LVGL/src/core/lv_obj_pos.c.obj
                0x080095d4                lv_obj_refr_pos
 .text.lv_obj_is_visible
                0x08009888       0x58 CMakeFiles/f407zgt6.elf.dir/LVGL/src/core/lv_obj_pos.c.obj
                0x08009888                lv_obj_is_visible
 .text.lv_obj_set_ext_click_area
                0x080098e0       0x10 CMakeFiles/f407zgt6.elf.dir/LVGL/src/core/lv_obj_pos.c.obj
                0x080098e0                lv_obj_set_ext_click_area
 .text.lv_obj_get_click_area
                0x080098f0       0x4e CMakeFiles/f407zgt6.elf.dir/LVGL/src/core/lv_obj_pos.c.obj
                0x080098f0                lv_obj_get_click_area
 .text.lv_obj_hit_test
                0x0800993e       0x64 CMakeFiles/f407zgt6.elf.dir/LVGL/src/core/lv_obj_pos.c.obj
                0x0800993e                lv_obj_hit_test
 *fill*         0x080099a2        0x2 
 .text.lv_clamp_width
                0x080099a4       0x80 CMakeFiles/f407zgt6.elf.dir/LVGL/src/core/lv_obj_pos.c.obj
                0x080099a4                lv_clamp_width
 .text.lv_clamp_height
                0x08009a24       0x80 CMakeFiles/f407zgt6.elf.dir/LVGL/src/core/lv_obj_pos.c.obj
                0x08009a24                lv_clamp_height
 .text.lv_obj_refr_size
                0x08009aa4      0x36c CMakeFiles/f407zgt6.elf.dir/LVGL/src/core/lv_obj_pos.c.obj
                0x08009aa4                lv_obj_refr_size
 .text.layout_update_core
                0x08009e10       0x84 CMakeFiles/f407zgt6.elf.dir/LVGL/src/core/lv_obj_pos.c.obj
 .text.lv_obj_update_layout
                0x08009e94       0x40 CMakeFiles/f407zgt6.elf.dir/LVGL/src/core/lv_obj_pos.c.obj
                0x08009e94                lv_obj_update_layout
 .text.lv_obj_align_to
                0x08009ed4      0x45c CMakeFiles/f407zgt6.elf.dir/LVGL/src/core/lv_obj_pos.c.obj
                0x08009ed4                lv_obj_align_to
 .text.scroll_by_raw
                0x0800a330       0x46 CMakeFiles/f407zgt6.elf.dir/LVGL/src/core/lv_obj_scroll.c.obj
 .text.scroll_anim_ready_cb
                0x0800a376        0xe CMakeFiles/f407zgt6.elf.dir/LVGL/src/core/lv_obj_scroll.c.obj
 .text.lv_obj_set_scrollbar_mode
                0x0800a384       0x26 CMakeFiles/f407zgt6.elf.dir/LVGL/src/core/lv_obj_scroll.c.obj
                0x0800a384                lv_obj_set_scrollbar_mode
 .text.lv_obj_set_scroll_dir
                0x0800a3aa       0x20 CMakeFiles/f407zgt6.elf.dir/LVGL/src/core/lv_obj_scroll.c.obj
                0x0800a3aa                lv_obj_set_scroll_dir
 .text.lv_obj_set_scroll_snap_x
                0x0800a3ca       0x16 CMakeFiles/f407zgt6.elf.dir/LVGL/src/core/lv_obj_scroll.c.obj
                0x0800a3ca                lv_obj_set_scroll_snap_x
 .text.lv_obj_set_scroll_snap_y
                0x0800a3e0       0x16 CMakeFiles/f407zgt6.elf.dir/LVGL/src/core/lv_obj_scroll.c.obj
                0x0800a3e0                lv_obj_set_scroll_snap_y
 .text.lv_obj_get_scrollbar_mode
                0x0800a3f6       0x10 CMakeFiles/f407zgt6.elf.dir/LVGL/src/core/lv_obj_scroll.c.obj
                0x0800a3f6                lv_obj_get_scrollbar_mode
 .text.lv_obj_get_scroll_dir
                0x0800a406       0x10 CMakeFiles/f407zgt6.elf.dir/LVGL/src/core/lv_obj_scroll.c.obj
                0x0800a406                lv_obj_get_scroll_dir
 .text.lv_obj_get_scroll_snap_x
                0x0800a416       0x10 CMakeFiles/f407zgt6.elf.dir/LVGL/src/core/lv_obj_scroll.c.obj
                0x0800a416                lv_obj_get_scroll_snap_x
 .text.lv_obj_get_scroll_snap_y
                0x0800a426       0x10 CMakeFiles/f407zgt6.elf.dir/LVGL/src/core/lv_obj_scroll.c.obj
                0x0800a426                lv_obj_get_scroll_snap_y
 .text.lv_obj_get_scroll_x
                0x0800a436       0x10 CMakeFiles/f407zgt6.elf.dir/LVGL/src/core/lv_obj_scroll.c.obj
                0x0800a436                lv_obj_get_scroll_x
 .text.scroll_x_anim
                0x0800a446       0x1a CMakeFiles/f407zgt6.elf.dir/LVGL/src/core/lv_obj_scroll.c.obj
 .text.lv_obj_get_scroll_y
                0x0800a460       0x10 CMakeFiles/f407zgt6.elf.dir/LVGL/src/core/lv_obj_scroll.c.obj
                0x0800a460                lv_obj_get_scroll_y
 .text.scroll_y_anim
                0x0800a470       0x1a CMakeFiles/f407zgt6.elf.dir/LVGL/src/core/lv_obj_scroll.c.obj
 .text.lv_obj_get_scroll_top
                0x0800a48a       0x10 CMakeFiles/f407zgt6.elf.dir/LVGL/src/core/lv_obj_scroll.c.obj
                0x0800a48a                lv_obj_get_scroll_top
 *fill*         0x0800a49a        0x2 
 .text.lv_obj_get_scroll_bottom
                0x0800a49c       0xb8 CMakeFiles/f407zgt6.elf.dir/LVGL/src/core/lv_obj_scroll.c.obj
                0x0800a49c                lv_obj_get_scroll_bottom
 .text.lv_obj_get_scroll_left
                0x0800a554       0xec CMakeFiles/f407zgt6.elf.dir/LVGL/src/core/lv_obj_scroll.c.obj
                0x0800a554                lv_obj_get_scroll_left
 .text.lv_obj_get_scroll_right
                0x0800a640       0xd8 CMakeFiles/f407zgt6.elf.dir/LVGL/src/core/lv_obj_scroll.c.obj
                0x0800a640                lv_obj_get_scroll_right
 .text.lv_obj_get_scroll_end
                0x0800a718       0x44 CMakeFiles/f407zgt6.elf.dir/LVGL/src/core/lv_obj_scroll.c.obj
                0x0800a718                lv_obj_get_scroll_end
 .text.lv_obj_scroll_by
                0x0800a75c      0x11c CMakeFiles/f407zgt6.elf.dir/LVGL/src/core/lv_obj_scroll.c.obj
                0x0800a75c                lv_obj_scroll_by
 .text.lv_obj_scroll_by_bounded
                0x0800a878       0xfc CMakeFiles/f407zgt6.elf.dir/LVGL/src/core/lv_obj_scroll.c.obj
                0x0800a878                lv_obj_scroll_by_bounded
 .text.scroll_area_into_view
                0x0800a974      0x36c CMakeFiles/f407zgt6.elf.dir/LVGL/src/core/lv_obj_scroll.c.obj
 .text.lv_obj_scroll_to_x
                0x0800ace0       0x28 CMakeFiles/f407zgt6.elf.dir/LVGL/src/core/lv_obj_scroll.c.obj
                0x0800ace0                lv_obj_scroll_to_x
 .text.lv_obj_scroll_to_y
                0x0800ad08       0x28 CMakeFiles/f407zgt6.elf.dir/LVGL/src/core/lv_obj_scroll.c.obj
                0x0800ad08                lv_obj_scroll_to_y
 .text.lv_obj_scroll_to
                0x0800ad30       0x1a CMakeFiles/f407zgt6.elf.dir/LVGL/src/core/lv_obj_scroll.c.obj
                0x0800ad30                lv_obj_scroll_to
 .text.lv_obj_scroll_to_view
                0x0800ad4a       0x28 CMakeFiles/f407zgt6.elf.dir/LVGL/src/core/lv_obj_scroll.c.obj
                0x0800ad4a                lv_obj_scroll_to_view
 .text.lv_obj_scroll_to_view_recursive
                0x0800ad72       0x40 CMakeFiles/f407zgt6.elf.dir/LVGL/src/core/lv_obj_scroll.c.obj
                0x0800ad72                lv_obj_scroll_to_view_recursive
 *fill*         0x0800adb2        0x2 
 .text.lv_obj_get_scrollbar_area
                0x0800adb4      0x810 CMakeFiles/f407zgt6.elf.dir/LVGL/src/core/lv_obj_scroll.c.obj
                0x0800adb4                lv_obj_get_scrollbar_area
 .text.lv_obj_scrollbar_invalidate
                0x0800b5c4       0x46 CMakeFiles/f407zgt6.elf.dir/LVGL/src/core/lv_obj_scroll.c.obj
                0x0800b5c4                lv_obj_scrollbar_invalidate
 .text.lv_obj_readjust_scroll
                0x0800b60a       0x98 CMakeFiles/f407zgt6.elf.dir/LVGL/src/core/lv_obj_scroll.c.obj
                0x0800b60a                lv_obj_readjust_scroll
 *fill*         0x0800b6a2        0x2 
 .text.lv_color_mix
                0x0800b6a4       0x30 CMakeFiles/f407zgt6.elf.dir/LVGL/src/core/lv_obj_style.c.obj
 .text.trans_del
                0x0800b6d4       0xb4 CMakeFiles/f407zgt6.elf.dir/LVGL/src/core/lv_obj_style.c.obj
 .text.refresh_children_style
                0x0800b788       0x3a CMakeFiles/f407zgt6.elf.dir/LVGL/src/core/lv_obj_style.c.obj
 .text.get_local_style
                0x0800b7c2       0xc8 CMakeFiles/f407zgt6.elf.dir/LVGL/src/core/lv_obj_style.c.obj
 .text.get_trans_style
                0x0800b88a       0xac CMakeFiles/f407zgt6.elf.dir/LVGL/src/core/lv_obj_style.c.obj
 .text.fade_anim_cb
                0x0800b936        0xc CMakeFiles/f407zgt6.elf.dir/LVGL/src/core/lv_obj_style.c.obj
 *fill*         0x0800b942        0x2 
 .text._lv_obj_style_init
                0x0800b944       0x10 CMakeFiles/f407zgt6.elf.dir/LVGL/src/core/lv_obj_style.c.obj
                0x0800b944                _lv_obj_style_init
 .text.lv_obj_enable_style_refresh
                0x0800b954        0xc CMakeFiles/f407zgt6.elf.dir/LVGL/src/core/lv_obj_style.c.obj
                0x0800b954                lv_obj_enable_style_refresh
 .text.lv_obj_get_local_style_prop
                0x0800b960       0x44 CMakeFiles/f407zgt6.elf.dir/LVGL/src/core/lv_obj_style.c.obj
                0x0800b960                lv_obj_get_local_style_prop
 .text.lv_obj_remove_local_style_prop
                0x0800b9a4       0x44 CMakeFiles/f407zgt6.elf.dir/LVGL/src/core/lv_obj_style.c.obj
                0x0800b9a4                lv_obj_remove_local_style_prop
 .text.fade_in_anim_ready
                0x0800b9e8       0x10 CMakeFiles/f407zgt6.elf.dir/LVGL/src/core/lv_obj_style.c.obj
 .text.lv_obj_fade_in
                0x0800b9f8       0x3c CMakeFiles/f407zgt6.elf.dir/LVGL/src/core/lv_obj_style.c.obj
                0x0800b9f8                lv_obj_fade_in
 .text.lv_obj_style_get_selector_state
                0x0800ba34        0x4 CMakeFiles/f407zgt6.elf.dir/LVGL/src/core/lv_obj_style.c.obj
                0x0800ba34                lv_obj_style_get_selector_state
 .text._lv_obj_style_state_compare
                0x0800ba38      0x2aa CMakeFiles/f407zgt6.elf.dir/LVGL/src/core/lv_obj_style.c.obj
                0x0800ba38                _lv_obj_style_state_compare
 .text.lv_obj_style_get_selector_part
                0x0800bce2        0x6 CMakeFiles/f407zgt6.elf.dir/LVGL/src/core/lv_obj_style.c.obj
                0x0800bce2                lv_obj_style_get_selector_part
 .text.get_prop_core